Component: ARM Compiler 5.06 update 6 (build 750) Tool: armlink [4d35ed]

==============================================================================

Section Cross References

    main.o(i.ADC_IRQHandler) refers to lpc17xx_adc.o(i.ADC_ChannelGetStatus) for ADC_ChannelGetStatus
    main.o(i.ADC_IRQHandler) refers to lpc17xx_adc.o(i.ADC_ChannelGetData) for ADC_ChannelGetData
    main.o(i.ADC_IRQHandler) refers to fflt_clz.o(x$fpl$ffltu) for __aeabi_ui2f
    main.o(i.ADC_IRQHandler) refers to fmul.o(x$fpl$fmul) for __aeabi_fmul
    main.o(i.ADC_IRQHandler) refers to fdiv.o(x$fpl$fdiv) for __aeabi_fdiv
    main.o(i.ADC_IRQHandler) refers to ffixu.o(x$fpl$ffixu) for __aeabi_f2uiz
    main.o(i.ADC_IRQHandler) refers to lpc17xx_adc.o(i.ADC_StartCmd) for ADC_StartCmd
    main.o(i.ADC_IRQHandler) refers to main.o(.data) for voltage
    main.o(i.Display_off) refers to main.o(i.lcd_command) for lcd_command
    main.o(i.Display_off) refers to main.o(i.cwait) for cwait
    main.o(i.Display_on) refers to main.o(i.lcd_command) for lcd_command
    main.o(i.Display_on) refers to main.o(i.cwait) for cwait
    main.o(i.cursor_blink) refers to main.o(i.lcd_command) for lcd_command
    main.o(i.cursor_blink) refers to main.o(i.cwait) for cwait
    main.o(i.cursor_off) refers to main.o(i.lcd_command) for lcd_command
    main.o(i.cursor_off) refers to main.o(i.cwait) for cwait
    main.o(i.cursor_on) refers to main.o(i.lcd_command) for lcd_command
    main.o(i.cursor_on) refers to main.o(i.cwait) for cwait
    main.o(i.lcd_clear) refers to main.o(i.lcd_command) for lcd_command
    main.o(i.lcd_clear) refers to main.o(i.cwait) for cwait
    main.o(i.lcd_command) refers to main.o(i.setD4567) for setD4567
    main.o(i.lcd_command) refers to main.o(i.cwait) for cwait
    main.o(i.lcd_define_char) refers to main.o(i.lcd_command) for lcd_command
    main.o(i.lcd_define_char) refers to main.o(i.cwait) for cwait
    main.o(i.lcd_define_char) refers to main.o(i.lcd_putchar) for lcd_putchar
    main.o(i.lcd_gotoxy) refers to main.o(i.lcd_command) for lcd_command
    main.o(i.lcd_gotoxy) refers to main.o(i.cwait) for cwait
    main.o(i.lcd_init) refers to main.o(i.cwait) for cwait
    main.o(i.lcd_init) refers to main.o(i.setD4567) for setD4567
    main.o(i.lcd_init) refers to main.o(i.lcd_command) for lcd_command
    main.o(i.lcd_putchar) refers to main.o(i.setD4567) for setD4567
    main.o(i.lcd_putchar) refers to main.o(i.cwait) for cwait
    main.o(i.lcd_puts) refers to main.o(i.lcd_putchar) for lcd_putchar
    main.o(i.lcd_putsf) refers to main.o(i.lcd_putchar) for lcd_putchar
    main.o(i.lcd_shift_left) refers to main.o(i.lcd_command) for lcd_command
    main.o(i.lcd_shift_left) refers to main.o(i.cwait) for cwait
    main.o(i.lcd_shift_right) refers to main.o(i.lcd_command) for lcd_command
    main.o(i.lcd_shift_right) refers to main.o(i.cwait) for cwait
    main.o(i.main) refers to _printf_percent.o(.ARM.Collect$$_printf_percent$$00000000) for _printf_percent
    main.o(i.main) refers to _printf_d.o(.ARM.Collect$$_printf_percent$$00000009) for _printf_d
    main.o(i.main) refers to _printf_dec.o(.text) for _printf_int_dec
    main.o(i.main) refers to _printf_u.o(.ARM.Collect$$_printf_percent$$0000000A) for _printf_u
    main.o(i.main) refers to main.o(i.lcd_init) for lcd_init
    main.o(i.main) refers to main.o(i.lcd_clear) for lcd_clear
    main.o(i.main) refers to lpc17xx_pinsel.o(i.PINSEL_ConfigPin) for PINSEL_ConfigPin
    main.o(i.main) refers to lpc17xx_adc.o(i.ADC_Init) for ADC_Init
    main.o(i.main) refers to lpc17xx_adc.o(i.ADC_IntConfig) for ADC_IntConfig
    main.o(i.main) refers to lpc17xx_adc.o(i.ADC_ChannelCmd) for ADC_ChannelCmd
    main.o(i.main) refers to hardwareinit.o(i.HW_Init) for HW_Init
    main.o(i.main) refers to main.o(i.lcd_gotoxy) for lcd_gotoxy
    main.o(i.main) refers to main.o(i.lcd_putsf) for lcd_putsf
    main.o(i.main) refers to lpc17xx_adc.o(i.ADC_StartCmd) for ADC_StartCmd
    main.o(i.main) refers to delay_rit.o(i.Delay_RIT_Init) for Delay_RIT_Init
    main.o(i.main) refers to __2sprintf.o(.text) for __2sprintf
    main.o(i.main) refers to lpc17xx_uart.o(i.UART_Send) for UART_Send
    main.o(i.main) refers to delay_rit.o(i.Delay_RIT_ms) for Delay_RIT_ms
    main.o(i.main) refers to main.o(.data) for flagOfTemp
    delay_rit.o(i.Delay_RIT_Init) refers to lpc17xx_rit.o(i.RIT_Init) for RIT_Init
    delay_rit.o(i.Delay_RIT_ms) refers to lpc17xx_rit.o(i.RIT_TimerConfig) for RIT_TimerConfig
    delay_rit.o(i.Delay_RIT_ms) refers to lpc17xx_rit.o(i.RIT_Cmd) for RIT_Cmd
    delay_rit.o(i.Delay_RIT_ms) refers to delay_rit.o(.data) for ritFlag
    delay_rit.o(i.RIT_IRQHandler) refers to lpc17xx_rit.o(i.RIT_GetIntStatus) for RIT_GetIntStatus
    delay_rit.o(i.RIT_IRQHandler) refers to delay_rit.o(.data) for ritFlag
    hardwareinit.o(i.HW_Init) refers to lpc17xx_pinsel.o(i.PINSEL_ConfigPin) for PINSEL_ConfigPin
    hardwareinit.o(i.HW_Init) refers to delay_rit.o(i.Delay_RIT_Init) for Delay_RIT_Init
[...]
    hardwareinit.o(i.HW_Init) refers to lpc17xx_uart.o(i.UART_TxCmd) for UART_TxCmd
    lpc17xx_clkpwr.o(i.CLKPWR_GetPCLK) refers to lpc17xx_clkpwr.o(i.CLKPWR_GetPCLKSEL) for CLKPWR_GetPCLKSEL
    lpc17xx_clkpwr.o(i.CLKPWR_GetPCLK) refers to system_lpc17xx.o(.data) for SystemCoreClock
    lpc17xx_gpio.o(i.FIO_ByteClearValue) refers to lpc17xx_gpio.o(i.FIO_ByteGetPointer) for FIO_ByteGetPointer
    lpc17xx_gpio.o(i.FIO_ByteReadValue) refers to lpc17xx_gpio.o(i.FIO_ByteGetPointer) for FIO_ByteGetPointer
    lpc17xx_gpio.o(i.FIO_ByteSetDir) refers to lpc17xx_gpio.o(i.FIO_ByteGetPointer) for FIO_ByteGetPointer
    lpc17xx_gpio.o(i.FIO_ByteSetMask) refers to lpc17xx_gpio.o(i.FIO_ByteGetPointer) for FIO_ByteGetPointer
    lpc17xx_gpio.o(i.FIO_ByteSetValue) refers to lpc17xx_gpio.o(i.FIO_ByteGetPointer) for FIO_ByteGetPointer
    lpc17xx_gpio.o(i.FIO_ClearInt) refers to lpc17xx_gpio.o(i.GPIO_ClearInt) for GPIO_ClearInt
    lpc17xx_gpio.o(i.FIO_ClearValue) refers to lpc17xx_gpio.o(i.GPIO_ClearValue) for GPIO_ClearValue
    lpc17xx_gpio.o(i.FIO_GetIntStatus) refers to lpc17xx_gpio.o(i.GPIO_GetIntStatus) for GPIO_GetIntStatus
    lpc17xx_gpio.o(i.FIO_HalfWordClearValue) refers to lpc17xx_gpio.o(i.FIO_HalfWordGetPointer) for FIO_HalfWordGetPointer
    lpc17xx_gpio.o(i.FIO_HalfWordReadValue) refers to lpc17xx_gpio.o(i.FIO_HalfWordGetPointer) for FIO_HalfWordGetPointer
    lpc17xx_gpio.o(i.FIO_HalfWordSetDir) refers to lpc17xx_gpio.o(i.FIO_HalfWordGetPointer) for FIO_HalfWordGetPointer
    lpc17xx_gpio.o(i.FIO_HalfWordSetMask) refers to lpc17xx_gpio.o(i.FIO_HalfWordGetPointer) for FIO_HalfWordGetPointer
    lpc17xx_gpio.o(i.FIO_HalfWordSetValue) refers to lpc17xx_gpio.o(i.FIO_HalfWordGetPointer) for FIO_HalfWordGetPointer
    lpc17xx_gpio.o(i.FIO_IntCmd) refers to lpc17xx_gpio.o(i.GPIO_IntCmd) for GPIO_IntCmd
    lpc17xx_gpio.o(i.FIO_ReadValue) refers to lpc17xx_gpio.o(i.GPIO_ReadValue) for GPIO_ReadValue
    lpc17xx_gpio.o(i.FIO_SetDir) refers to lpc17xx_gpio.o(i.GPIO_SetDir) for GPIO_SetDir
    lpc17xx_gpio.o(i.FIO_SetMask) refers to lpc17xx_gpio.o(i.GPIO_GetPointer) for GPIO_GetPointer
    lpc17xx_gpio.o(i.FIO_SetValue) refers to lpc17xx_gpio.o(i.GPIO_SetValue) for GPIO_SetValue
    lpc17xx_gpio.o(i.GPIO_ClearValue) refers to lpc17xx_gpio.o(i.GPIO_GetPointer) for GPIO_GetPointer
    lpc17xx_gpio.o(i.GPIO_ReadValue) refers to lpc17xx_gpio.o(i.GPIO_GetPointer) for GPIO_GetPointer
    lpc17xx_gpio.o(i.GPIO_SetDir) refers to lpc17xx_gpio.o(i.GPIO_GetPointer) for GPIO_GetPointer
    lpc17xx_gpio.o(i.GPIO_SetValue) refers to lpc17xx_gpio.o(i.GPIO_GetPointer) for GPIO_GetPointer
    lpc17xx_adc.o(i.ADC_DeInit) refers to lpc17xx_clkpwr.o(i.CLKPWR_ConfigPPWR) for CLKPWR_ConfigPPWR
    lpc17xx_adc.o(i.ADC_Init) refers to lpc17xx_clkpwr.o(i.CLKPWR_ConfigPPWR) for CLKPWR_ConfigPPWR
    lpc17xx_adc.o(i.ADC_Init) refers to lpc17xx_clkpwr.o(i.CLKPWR_GetPCLK) for CLKPWR_GetPCLK
    lpc17xx_pinsel.o(i.PINSEL_ConfigPin) refers to lpc17xx_pinsel.o(i.set_PinFunc) for set_PinFunc
    lpc17xx_pinsel.o(i.PINSEL_ConfigPin) refers to lpc17xx_pinsel.o(i.set_ResistorMode) for set_ResistorMode
    lpc17xx_pinsel.o(i.PINSEL_ConfigPin) refers to lpc17xx_pinsel.o(i.set_OpenDrainMode) for set_OpenDrainMode
    lpc17xx_uart.o(i.UART_DeInit) refers to lpc17xx_uart.o(i.UART_TxCmd) for UART_TxCmd
    lpc17xx_uart.o(i.UART_DeInit) refers to lpc17xx_clkpwr.o(i.CLKPWR_ConfigPPWR) for CLKPWR_ConfigPPWR
    lpc17xx_uart.o(i.UART_Init) refers to lpc17xx_clkpwr.o(i.CLKPWR_ConfigPPWR) for CLKPWR_ConfigPPWR
    lpc17xx_uart.o(i.UART_Init) refers to lpc17xx_uart.o(i.uart_set_divisors) for uart_set_divisors
    lpc17xx_uart.o(i.UART_RS485Send) refers to lpc17xx_uart.o(i.UART_Send) for UART_Send
    lpc17xx_uart.o(i.UART_RS485SendData) refers to lpc17xx_uart.o(i.UART_RS485Send) for UART_RS485Send
    lpc17xx_uart.o(i.UART_RS485SendSlvAddr) refers to lpc17xx_uart.o(i.UART_RS485Send) for UART_RS485Send
    lpc17xx_uart.o(i.UART_Receive) refers to lpc17xx_uart.o(i.UART_ReceiveByte) for UART_ReceiveByte
    lpc17xx_uart.o(i.UART_Send) refers to lpc17xx_uart.o(i.UART_SendByte) for UART_SendByte
    lpc17xx_uart.o(i.uart_set_divisors) refers to lpc17xx_clkpwr.o(i.CLKPWR_GetPCLK) for CLKPWR_GetPCLK
    lpc17xx_uart.o(i.uart_set_divisors) refers to lludivv7m.o(.text) for __aeabi_uldivmod
    lpc17xx_rit.o(i.RIT_DeInit) refers to lpc17xx_clkpwr.o(i.CLKPWR_ConfigPPWR) for CLKPWR_ConfigPPWR
    lpc17xx_rit.o(i.RIT_Init) refers to lpc17xx_clkpwr.o(i.CLKPWR_ConfigPPWR) for CLKPWR_ConfigPPWR
    lpc17xx_rit.o(i.RIT_TimerConfig) refers to lpc17xx_clkpwr.o(i.CLKPWR_GetPCLK) for CLKPWR_GetPCLK
    startup_lpc17xx.o(STACK) refers (Special) to heapauxi.o(.text) for __use_two_region_memory
    startup_lpc17xx.o(HEAP) refers (Special) to heapauxi.o(.text) for __use_two_region_memory
    startup_lpc17xx.o(RESET) refers (Special) to heapauxi.o(.text) for __use_two_region_memory
    startup_lpc17xx.o(RESET) refers to startup_lpc17xx.o(STACK) for __initial_sp
    startup_lpc17xx.o(RESET) refers to startup_lpc17xx.o(.text) for Reset_Handler
    startup_lpc17xx.o(RESET) refers to main.o(i.ADC_IRQHandler) for ADC_IRQHandler
    startup_lpc17xx.o(RESET) refers to delay_rit.o(i.RIT_IRQHandler) for RIT_IRQHandler
    startup_lpc17xx.o(.ARM.__at_0x02FC) refers (Special) to heapauxi.o(.text) for __use_two_region_memory
    startup_lpc17xx.o(.text) refers (Special) to heapauxi.o(.text) for __use_two_region_memory
    startup_lpc17xx.o(.text) refers to system_lpc17xx.o(i.SystemInit) for SystemInit
    startup_lpc17xx.o(.text) refers to __main.o(!!!main) for __main
    startup_lpc17xx.o(.text) refers to startup_lpc17xx.o(HEAP) for Heap_Mem
    startup_lpc17xx.o(.text) refers to startup_lpc17xx.o(STACK) for Stack_Mem
    system_lpc17xx.o(i.SystemCoreClockUpdate) refers to lludivv7m.o(.text) for __aeabi_uldivmod
    system_lpc17xx.o(i.SystemCoreClockUpdate) refers to system_lpc17xx.o(.data) for SystemCoreClock
    __2sprintf.o(.text) refers to _printf_char_common.o(.text) for _printf_char_common
    __2sprintf.o(.text) refers to _sputc.o(.text) for _sputc
    noretval__2sprintf.o(.text) refers to _printf_char_common.o(.text) for _printf_char_common
    noretval__2sprintf.o(.text) refers to _sputc.o(.text) for _sputc
    __printf.o(.text) refers to _printf_percent.o(.ARM.Collect$$_printf_percent$$00000000) for _printf_percent
    _printf_dec.o(.text) refers to _printf_intcommon.o(.text) for _printf_int_common
    __printf_flags.o(.text) refers to _printf_percent.o(.ARM.Collect$$_printf_percent$$00000000) for _printf_percent
    __printf_flags.o(.text) refers to __printf_flags.o(.constdata) for .constdata
    __printf_ss.o(.text) refers to _printf_percent.o(.ARM.Collect$$_printf_percent$$00000000) for _printf_percent
    __printf_flags_ss.o(.text) refers to _printf_percent.o(.ARM.Collect$$_printf_percent$$00000000) for _printf_percent
    __printf_flags_ss.o(.text) refers to __printf_flags_ss.o(.constdata) for .constdata
    __printf_wp.o(.text) refers to __printf_wp.o(i._is_digit) for _is_digit
    __printf_wp.o(.text) refers to _printf_percent.o(.ARM.Collect$$_printf_percent$$00000000) for _printf_percent
    __printf_flags_wp.o(.text) refers to __printf_wp.o(i._is_digit) for _is_digit
    __printf_flags_wp.o(.text) refers to _printf_percent.o(.ARM.Collect$$_printf_percent$$00000000) for _printf_percent
    __printf_flags_wp.o(.text) refers to __printf_flags_wp.o(.constdata) for .constdata
    __printf_ss_wp.o(.text) refers to __printf_wp.o(i._is_digit) for _is_digit
    __printf_ss_wp.o(.text) refers to _printf_percent.o(.ARM.Collect$$_printf_percent$$00000000) for _printf_percent
    __printf_flags_ss_wp.o(.text) refers to __printf_wp.o(i._is_digit) for _is_digit
    __printf_flags_ss_wp.o(.text) refers to _printf_percent.o(.ARM.Collect$$_printf_percent$$00000000) for _printf_percent
    __printf_flags_ss_wp.o(.text) refers to __printf_flags_ss_wp.o(.constdata) for .constdata
    _printf_d.o(.ARM.Collect$$_printf_percent$$00000009) refers (Weak) to _printf_dec.o(.text) for _printf_int_dec
    _printf_u.o(.ARM.Collect$$_printf_percent$$0000000A) refers (Weak) to _printf_dec.o(.text) for _printf_int_dec
    _printf_percent.o(.ARM.Collect$$_printf_percent$$00000000) refers (Special) to _printf_percent_end.o(.ARM.Collect$$_printf_percent$$00000017) for _printf_percent_end
    __main.o(!!!main) refers to __rtentry.o(.ARM.Collect$$rtentry$$00000000) for __rt_entry
    fdiv.o(x$fpl$frdiv) refers (Special) to usenofp.o(x$fpl$usenofp) for __I$use$fp
    fdiv.o(x$fpl$frdiv) refers to fdiv.o(x$fpl$fdiv) for _fdiv1
    fdiv.o(x$fpl$fdiv) refers (Special) to usenofp.o(x$fpl$usenofp) for __I$use$fp
    fdiv.o(x$fpl$fdiv) refers to fretinf.o(x$fpl$fretinf) for __fpl_fretinf
    fdiv.o(x$fpl$fdiv) refers to fnaninf.o(x$fpl$fnaninf) for __fpl_fnaninf
    ffixu.o(x$fpl$ffixu) refers (Special) to usenofp.o(x$fpl$usenofp) for __I$use$fp
    ffixu.o(x$fpl$ffixu) refers to fnaninf.o(x$fpl$fnaninf) for __fpl_fnaninf
    ffixu.o(x$fpl$ffixur) refers (Special) to usenofp.o(x$fpl$usenofp) for __I$use$fp
    ffixu.o(x$fpl$ffixur) refers to fnaninf.o(x$fpl$fnaninf) for __fpl_fnaninf
    fflt_clz.o(x$fpl$ffltu) refers (Special) to usenofp.o(x$fpl$usenofp) for __I$use$fp
    fflt_clz.o(x$fpl$fflt) refers (Special) to usenofp.o(x$fpl$usenofp) for __I$use$fp
    fflt_clz.o(x$fpl$ffltn) refers (Special) to usenofp.o(x$fpl$usenofp) for __I$use$fp
    fmul.o(x$fpl$fmul) refers (Special) to usenofp.o(x$fpl$usenofp) for __I$use$fp
    fmul.o(x$fpl$fmul) refers to fretinf.o(x$fpl$fretinf) for __fpl_fretinf
    fmul.o(x$fpl$fmul) refers to fnaninf.o(x$fpl$fnaninf) for __fpl_fnaninf
    __rtentry.o(.ARM.Collect$$rtentry$$00000000) refers (Special) to __rtentry2.o(.ARM.Collect$$rtentry$$0000000A) for __rt_entry_li
    __rtentry.o(.ARM.Collect$$rtentry$$00000000) refers (Special) to __rtentry2.o(.ARM.Collect$$rtentry$$0000000D) for __rt_entry_main
    __rtentry.o(.ARM.Collect$$rtentry$$00000000) refers (Special) to __rtentry2.o(.ARM.Collect$$rtentry$$0000000C) for __rt_entry_postli_1
    __rtentry.o(.ARM.Collect$$rtentry$$00000000) refers (Special) to __rtentry2.o(.ARM.Collect$$rtentry$$00000009) for __rt_entry_postsh_1
    __rtentry.o(.ARM.Collect$$rtentry$$00000000) refers (Special) to __rtentry2.o(.ARM.Collect$$rtentry$$00000002) for __rt_entry_presh_1
    __rtentry.o(.ARM.Collect$$rtentry$$00000000) refers (Special) to __rtentry4.o(.ARM.Collect$$rtentry$$00000004) for __rt_entry_sh
    aeabi_ldiv0_sigfpe.o(.text) refers to rt_div0.o(.text) for __rt_div0
    _printf_char_common.o(.text) refers to __printf.o(.text) for __printf
    fnaninf.o(x$fpl$fnaninf) refers (Special) to usenofp.o(x$fpl$usenofp) for __I$use$fp
    fretinf.o(x$fpl$fretinf) refers (Special) to usenofp.o(x$fpl$usenofp) for __I$use$fp
    __rtentry2.o(.ARM.Collect$$rtentry$$00000008) refers to boardinit2.o(.text) for _platform_post_stackheap_init
    __rtentry2.o(.ARM.Collect$$rtentry$$0000000A) refers to libinit.o(.ARM.Collect$$libinit$$00000000) for __rt_lib_init
    __rtentry2.o(.ARM.Collect$$rtentry$$0000000B) refers to boardinit3.o(.text) for _platform_post_lib_init
    __rtentry2.o(.ARM.Collect$$rtentry$$0000000D) refers to main.o(i.main) for main
    __rtentry2.o(.ARM.Collect$$rtentry$$0000000D) refers to exit.o(.text) for exit
    __rtentry2.o(.ARM.exidx) refers to __rtentry2.o(.ARM.Collect$$rtentry$$00000001) for .ARM.Collect$$rtentry$$00000001
    __rtentry2.o(.ARM.exidx) refers to __rtentry2.o(.ARM.Collect$$rtentry$$00000008) for .ARM.Collect$$rtentry$$00000008
    __rtentry2.o(.ARM.exidx) refers to __rtentry2.o(.ARM.Collect$$rtentry$$0000000A) for .ARM.Collect$$rtentry$$0000000A
    __rtentry2.o(.ARM.exidx) refers to __rtentry2.o(.ARM.Collect$$rtentry$$0000000B) for .ARM.Collect$$rtentry$$0000000B
    __rtentry2.o(.ARM.exidx) refers to __rtentry2.o(.ARM.Collect$$rtentry$$0000000D) for .ARM.Collect$$rtentry$$0000000D
    __rtentry4.o(.ARM.Collect$$rtentry$$00000004) refers to sys_stackheap_outer.o(.text) for __user_setup_stackheap
    __rtentry4.o(.ARM.exidx) refers to __rtentry4.o(.ARM.Collect$$rtentry$$00000004) for .ARM.Collect$$rtentry$$00000004
    rt_div0.o(.text) refers to defsig_fpe_outer.o(.text) for __rt_SIGFPE
    sys_stackheap_outer.o(.text) refers to libspace.o(.text) for __user_perproc_libspace
    sys_stackheap_outer.o(.text) refers to startup_lpc17xx.o(.text) for __user_initial_stackheap
    exit.o(.text) refers to rtexit.o(.ARM.Collect$$rtexit$$00000000) for __rt_exit
    defsig_fpe_outer.o(.text) refers to defsig_fpe_inner.o(.text) for __rt_SIGFPE_inner
    defsig_fpe_outer.o(.text) refers to defsig_exit.o(.text) for __sig_exit
    defsig_fpe_formal.o(.text) refers to rt_raise.o(.text) for __rt_raise
    libinit.o(.ARM.Collect$$libinit$$00000000) refers (Special) to libinit2.o(.ARM.Collect$$libinit$$0000002E) for __rt_lib_init_alloca_1
    libinit.o(.ARM.Collect$$libinit$$00000000) refers (Special) to libinit2.o(.ARM.Collect$$libinit$$0000002C) for __rt_lib_init_argv_1
    libinit.o(.ARM.Collect$$libinit$$00000000) refers (Special) to libinit2.o(.ARM.Collect$$libinit$$0000001B) for __rt_lib_init_atexit_1
    libinit.o(.ARM.Collect$$libinit$$00000000) refers (Special) to libinit2.o(.ARM.Collect$$libinit$$00000021) for __rt_lib_init_clock_1
    libinit.o(.ARM.Collect$$libinit$$00000000) refers (Special) to libinit2.o(.ARM.Collect$$libinit$$00000032) for __rt_lib_init_cpp_1
    libinit.o(.ARM.Collect$$libinit$$00000000) refers (Special) to libinit2.o(.ARM.Collect$$libinit$$00000030) for __rt_lib_init_exceptions_1
    libinit.o(.ARM.Collect$$libinit$$00000000) refers (Special) to libinit2.o(.ARM.Collect$$libinit$$00000002) for __rt_lib_init_fp_1
    libinit.o(.ARM.Collect$$libinit$$00000000) refers (Special) to libinit2.o(.ARM.Collect$$libinit$$0000001F) for __rt_lib_init_fp_trap_1
    libinit.o(.ARM.Collect$$libinit$$00000000) refers (Special) to libinit2.o(.ARM.Collect$$libinit$$00000023) for __rt_lib_init_getenv_1
    libinit.o(.ARM.Collect$$libinit$$00000000) refers (Special) to libinit2.o(.ARM.Collect$$libinit$$0000000A) for __rt_lib_init_heap_1
    libinit.o(.ARM.Collect$$libinit$$00000000) refers (Special) to libinit2.o(.ARM.Collect$$libinit$$00000011) for __rt_lib_init_lc_collate_1
    libinit.o(.ARM.Collect$$libinit$$00000000) refers (Special) to libinit2.o(.ARM.Collect$$libinit$$00000013) for __rt_lib_init_lc_ctype_1
    libinit.o(.ARM.Collect$$libinit$$00000000) refers (Special) to libinit2.o(.ARM.Collect$$libinit$$00000015) for __rt_lib_init_lc_monetary_1
    libinit.o(.ARM.Collect$$libinit$$00000000) refers (Special) to libinit2.o(.ARM.Collect$$libinit$$00000017) for __rt_lib_init_lc_numeric_1
    libinit.o(.ARM.Collect$$libinit$$00000000) refers (Special) to libinit2.o(.ARM.Collect$$libinit$$00000019) for __rt_lib_init_lc_time_1
    libinit.o(.ARM.Collect$$libinit$$00000000) refers (Special) to libinit2.o(.ARM.Collect$$libinit$$00000004) for __rt_lib_init_preinit_1
    libinit.o(.ARM.Collect$$libinit$$00000000) refers (Special) to libinit2.o(.ARM.Collect$$libinit$$0000000E) for __rt_lib_init_rand_1
    libinit.o(.ARM.Collect$$libinit$$00000000) refers (Special) to libinit2.o(.ARM.Collect$$libinit$$00000033) for __rt_lib_init_return
    libinit.o(.ARM.Collect$$libinit$$00000000) refers (Special) to libinit2.o(.ARM.Collect$$libinit$$0000001D) for __rt_lib_init_signal_1
    libinit.o(.ARM.Collect$$libinit$$00000000) refers (Special) to libinit2.o(.ARM.Collect$$libinit$$00000025) for __rt_lib_init_stdio_1
    libinit.o(.ARM.Collect$$libinit$$00000000) refers (Special) to libinit2.o(.ARM.Collect$$libinit$$0000000C) for __rt_lib_init_user_alloc_1
    libspace.o(.text) refers to libspace.o(.bss) for __libspace_start
    rtexit.o(.ARM.Collect$$rtexit$$00000000) refers (Special) to rtexit2.o(.ARM.Collect$$rtexit$$00000004) for __rt_exit_exit
    rtexit.o(.ARM.Collect$$rtexit$$00000000) refers (Special) to rtexit2.o(.ARM.Collect$$rtexit$$00000003) for __rt_exit_ls
    rtexit.o(.ARM.Collect$$rtexit$$00000000) refers (Special) to rtexit2.o(.ARM.Collect$$rtexit$$00000002) for __rt_exit_prels_1
    rtexit.o(.ARM.exidx) refers (Special) to rtexit2.o(.ARM.Collect$$rtexit$$00000004) for __rt_exit_exit
    rtexit.o(.ARM.exidx) refers (Special) to rtexit2.o(.ARM.Collect$$rtexit$$00000003) for __rt_exit_ls
    rtexit.o(.ARM.exidx) refers (Special) to rtexit2.o(.ARM.Collect$$rtexit$$00000002) for __rt_exit_prels_1
    rtexit.o(.ARM.exidx) refers to rtexit.o(.ARM.Collect$$rtexit$$00000000) for .ARM.Collect$$rtexit$$00000000
    rt_raise.o(.text) refers to __raise.o(.text) for __raise
    rt_raise.o(.text) refers to sys_exit.o(.text) for _sys_exit
    defsig_exit.o(.text) refers to sys_exit.o(.text) for _sys_exit
    defsig_fpe_inner.o(.text) refers to defsig_general.o(.text) for __default_signal_display
    libinit2.o(.ARM.Collect$$libinit$$00000010) refers to libinit2.o(.ARM.Collect$$libinit$$0000000F) for .ARM.Collect$$libinit$$0000000F
    libinit2.o(.ARM.Collect$$libinit$$00000012) refers to libinit2.o(.ARM.Collect$$libinit$$0000000F) for .ARM.Collect$$libinit$$0000000F
    libinit2.o(.ARM.Collect$$libinit$$00000014) refers to libinit2.o(.ARM.Collect$$libinit$$0000000F) for .ARM.Collect$$libinit$$0000000F
    libinit2.o(.ARM.Collect$$libinit$$00000016) refers to libinit2.o(.ARM.Collect$$libinit$$0000000F) for .ARM.Collect$$libinit$$0000000F
    libinit2.o(.ARM.Collect$$libinit$$00000018) refers to libinit2.o(.ARM.Collect$$libinit$$0000000F) for .ARM.Collect$$libinit$$0000000F
    libinit2.o(.ARM.Collect$$libinit$$00000026) refers to argv_veneer.o(.emb_text) for __ARM_argv_veneer
    libinit2.o(.ARM.Collect$$libinit$$00000027) refers to argv_veneer.o(.emb_text) for __ARM_argv_veneer
    sys_exit.o(.text) refers (Special) to use_no_semi.o(.text) for __I$use$semihosting
    sys_exit.o(.text) refers (Special) to indicate_semi.o(.text) for __semihosting_library_function
    rtexit2.o(.ARM.Collect$$rtexit$$00000003) refers to libshutdown.o(.ARM.Collect$$libshutdown$$00000000) for __rt_lib_shutdown
    rtexit2.o(.ARM.Collect$$rtexit$$00000004) refers to sys_exit.o(.text) for _sys_exit
    rtexit2.o(.ARM.exidx) refers to rtexit2.o(.ARM.Collect$$rtexit$$00000001) for .ARM.Collect$$rtexit$$00000001
    rtexit2.o(.ARM.exidx) refers to rtexit2.o(.ARM.Collect$$rtexit$$00000003) for .ARM.Collect$$rtexit$$00000003
    rtexit2.o(.ARM.exidx) refers to rtexit2.o(.ARM.Collect$$rtexit$$00000004) for .ARM.Collect$$rtexit$$00000004
    __raise.o(.text) refers to defsig.o(CL$$defsig) for __default_signal_handler
    defsig_general.o(.text) refers to sys_wrch.o(.text) for _ttywrch
    argv_veneer.o(.emb_text) refers to no_argv.o(.text) for __ARM_get_argv
    sys_wrch.o(.text) refers (Special) to use_no_semi.o(.text) for __I$use$semihosting
    sys_wrch.o(.text) refers (Special) to indicate_semi.o(.text) for __semihosting_library_function
    defsig.o(CL$$defsig) refers to defsig_fpe_inner.o(.text) for __rt_SIGFPE_inner
    defsig.o(CL$$defsig) refers to defsig_rtmem_inner.o(.text) for __rt_SIGRTMEM_inner
    _get_argv_nomalloc.o(.text) refers (Special) to hrguard.o(.text) for __heap_region$guard
    _get_argv_nomalloc.o(.text) refers to defsig_rtmem_outer.o(.text) for __rt_SIGRTMEM
    _get_argv_nomalloc.o(.text) refers to sys_command.o(.text) for _sys_command_string
    libshutdown.o(.ARM.Collect$$libshutdown$$00000000) refers (Special) to libshutdown2.o(.ARM.Collect$$libshutdown$$00000002) for __rt_lib_shutdown_cpp_1
    libshutdown.o(.ARM.Collect$$libshutdown$$00000000) refers (Special) to libshutdown2.o(.ARM.Collect$$libshutdown$$00000007) for __rt_lib_shutdown_fp_trap_1
    libshutdown.o(.ARM.Collect$$libshutdown$$00000000) refers (Special) to libshutdown2.o(.ARM.Collect$$libshutdown$$0000000F) for __rt_lib_shutdown_heap_1
    libshutdown.o(.ARM.Collect$$libshutdown$$00000000) refers (Special) to libshutdown2.o(.ARM.Collect$$libshutdown$$00000010) for __rt_lib_shutdown_return
    libshutdown.o(.ARM.Collect$$libshutdown$$00000000) refers (Special) to libshutdown2.o(.ARM.Collect$$libshutdown$$0000000A) for __rt_lib_shutdown_signal_1
    libshutdown.o(.ARM.Collect$$libshutdown$$00000000) refers (Special) to libshutdown2.o(.ARM.Collect$$libshutdown$$00000004) for __rt_lib_shutdown_stdio_1
    libshutdown.o(.ARM.Collect$$libshutdown$$00000000) refers (Special) to libshutdown2.o(.ARM.Collect$$libshutdown$$0000000C) for __rt_lib_shutdown_user_alloc_1
    sys_command.o(.text) refers (Special) to use_no_semi.o(.text) for __I$use$semihosting
    sys_command.o(.text) refers (Special) to indicate_semi.o(.text) for __semihosting_library_function
    defsig_abrt_inner.o(.text) refers to defsig_general.o(.text) for __default_signal_display
    defsig_rtred_inner.o(.text) refers to defsig_general.o(.text) for __default_signal_display
    defsig_rtmem_inner.o(.text) refers to defsig_general.o(.text) for __default_signal_display
    defsig_rtmem_outer.o(.text) refers to defsig_rtmem_inner.o(.text) for __rt_SIGRTMEM_inner
    defsig_rtmem_outer.o(.text) refers to defsig_exit.o(.text) for __sig_exit
    defsig_rtmem_formal.o(.text) refers to rt_raise.o(.text) for __rt_raise
    defsig_stak_inner.o(.text) refers to defsig_general.o(.text) for __default_signal_display
    defsig_pvfn_inner.o(.text) refers to defsig_general.o(.text) for __default_signal_display
    defsig_cppl_inner.o(.text) refers to defsig_general.o(.text) for __default_signal_display
    defsig_segv_inner.o(.text) refers to defsig_general.o(.text) for __default_signal_display
    defsig_other.o(.text) refers to defsig_general.o(.text) for __default_signal_display


==============================================================================

Removing Unused input sections from the image.

    Removing main.o(.rev16_text), (4 bytes).
    Removing main.o(.revsh_text), (4 bytes).
    Removing main.o(.rrx_text), (6 bytes).
    Removing main.o(i.Display_off), (18 bytes).
    Removing main.o(i.Display_on), (18 bytes).
    Removing main.o(i.cursor_blink), (18 bytes).
    Removing main.o(i.cursor_off), (18 bytes).
    Removing main.o(i.cursor_on), (18 bytes).
    Removing main.o(i.lcd_define_char), (60 bytes).
    Removing main.o(i.lcd_puts), (102 bytes).
    Removing main.o(i.lcd_shift_left), (32 bytes).
    Removing main.o(i.lcd_shift_right), (32 bytes).
    Removing delay_rit.o(.rev16_text), (4 bytes).
    Removing delay_rit.o(.revsh_text), (4 bytes).
    Removing delay_rit.o(.rrx_text), (6 bytes).
    Removing hardwareinit.o(.rev16_text), (4 bytes).
    Removing hardwareinit.o(.revsh_text), (4 bytes).
    Removing hardwareinit.o(.rrx_text), (6 bytes).
    Removing lpc17xx_clkpwr.o(.rev16_text), (4 bytes).
    Removing lpc17xx_clkpwr.o(.revsh_text), (4 bytes).
    Removing lpc17xx_clkpwr.o(.rrx_text), (6 bytes).
    Removing lpc17xx_clkpwr.o(i.CLKPWR_DeepPowerDown), (24 bytes).
    Removing lpc17xx_clkpwr.o(i.CLKPWR_DeepSleep), (24 bytes).
    Removing lpc17xx_clkpwr.o(i.CLKPWR_PowerDown), (24 bytes).
    Removing lpc17xx_clkpwr.o(i.CLKPWR_SetPCLKDiv), (104 bytes).
    Removing lpc17xx_clkpwr.o(i.CLKPWR_Sleep), (16 bytes).
    Removing lpc17xx_gpio.o(.rev16_text), (4 bytes).
    Removing lpc17xx_gpio.o(.revsh_text), (4 bytes).
    Removing lpc17xx_gpio.o(.rrx_text), (6 bytes).
    Removing lpc17xx_gpio.o(i.FIO_ByteClearValue), (34 bytes).
    Removing lpc17xx_gpio.o(i.FIO_ByteGetPointer), (56 bytes).
    Removing lpc17xx_gpio.o(i.FIO_ByteReadValue), (32 bytes).
    Removing lpc17xx_gpio.o(i.FIO_ByteSetDir), (50 bytes).
    Removing lpc17xx_gpio.o(i.FIO_ByteSetMask), (66 bytes).
    Removing lpc17xx_gpio.o(i.FIO_ByteSetValue), (34 bytes).
    Removing lpc17xx_gpio.o(i.FIO_ClearInt), (16 bytes).
    Removing lpc17xx_gpio.o(i.FIO_ClearValue), (16 bytes).
    Removing lpc17xx_gpio.o(i.FIO_GetIntStatus), (20 bytes).
    Removing lpc17xx_gpio.o(i.FIO_HalfWordClearValue), (32 bytes).
    Removing lpc17xx_gpio.o(i.FIO_HalfWordGetPointer), (56 bytes).
    Removing lpc17xx_gpio.o(i.FIO_HalfWordReadValue), (30 bytes).
    Removing lpc17xx_gpio.o(i.FIO_HalfWordSetDir), (62 bytes).
    Removing lpc17xx_gpio.o(i.FIO_HalfWordSetMask), (62 bytes).
    Removing lpc17xx_gpio.o(i.FIO_HalfWordSetValue), (32 bytes).
    Removing lpc17xx_gpio.o(i.FIO_IntCmd), (20 bytes).
    Removing lpc17xx_gpio.o(i.FIO_ReadValue), (12 bytes).
    Removing lpc17xx_gpio.o(i.FIO_SetDir), (20 bytes).
    Removing lpc17xx_gpio.o(i.FIO_SetMask), (40 bytes).
    Removing lpc17xx_gpio.o(i.FIO_SetValue), (16 bytes).
    Removing lpc17xx_gpio.o(i.GPIO_ClearInt), (32 bytes).
    Removing lpc17xx_gpio.o(i.GPIO_ClearValue), (20 bytes).
    Removing lpc17xx_gpio.o(i.GPIO_GetIntStatus), (88 bytes).
    Removing lpc17xx_gpio.o(i.GPIO_GetPointer), (56 bytes).
    Removing lpc17xx_gpio.o(i.GPIO_IntCmd), (64 bytes).
    Removing lpc17xx_gpio.o(i.GPIO_ReadValue), (22 bytes).
    Removing lpc17xx_gpio.o(i.GPIO_SetDir), (40 bytes).
    Removing lpc17xx_gpio.o(i.GPIO_SetValue), (20 bytes).
    Removing lpc17xx_adc.o(.rev16_text), (4 bytes).
    Removing lpc17xx_adc.o(.revsh_text), (4 bytes).
    Removing lpc17xx_adc.o(.rrx_text), (6 bytes).
    Removing lpc17xx_adc.o(i.ADC_BurstCmd), (20 bytes).
    Removing lpc17xx_adc.o(i.ADC_DeInit), (48 bytes).
    Removing lpc17xx_adc.o(i.ADC_EdgeStartConfig), (20 bytes).
    Removing lpc17xx_adc.o(i.ADC_GetData), (20 bytes).
    Removing lpc17xx_adc.o(i.ADC_GlobalGetData), (6 bytes).
    Removing lpc17xx_adc.o(i.ADC_GlobalGetStatus), (28 bytes).
    Removing lpc17xx_adc.o(i.ADC_PowerdownCmd), (20 bytes).
    Removing lpc17xx_nvic.o(.rev16_text), (4 bytes).
    Removing lpc17xx_nvic.o(.revsh_text), (4 bytes).
    Removing lpc17xx_nvic.o(.rrx_text), (6 bytes).
    Removing lpc17xx_nvic.o(i.NVIC_DeInit), (68 bytes).
    Removing lpc17xx_nvic.o(i.NVIC_SCBDeInit), (84 bytes).
    Removing lpc17xx_nvic.o(i.NVIC_SetVTOR), (12 bytes).
    Removing lpc17xx_pinsel.o(.rev16_text), (4 bytes).
    Removing lpc17xx_pinsel.o(.revsh_text), (4 bytes).
    Removing lpc17xx_pinsel.o(.rrx_text), (6 bytes).
    Removing lpc17xx_pinsel.o(i.PINSEL_ConfigTraceFunc), (40 bytes).
    Removing lpc17xx_pinsel.o(i.PINSEL_SetI2C0Pins), (20 bytes).
    Removing lpc17xx_uart.o(.rev16_text), (4 bytes).
    Removing lpc17xx_uart.o(.revsh_text), (4 bytes).
    Removing lpc17xx_uart.o(.rrx_text), (6 bytes).
    Removing lpc17xx_uart.o(i.UART_ABClearIntPending), (28 bytes).
    Removing lpc17xx_uart.o(i.UART_ABCmd), (132 bytes).
    Removing lpc17xx_uart.o(i.UART_CheckBusy), (18 bytes).
    Removing lpc17xx_uart.o(i.UART_ConfigStructInit), (18 bytes).
    Removing lpc17xx_uart.o(i.UART_DeInit), (92 bytes).
    Removing lpc17xx_uart.o(i.UART_FIFOConfig), (108 bytes).
    Removing lpc17xx_uart.o(i.UART_FIFOConfigStructInit), (14 bytes).
    Removing lpc17xx_uart.o(i.UART_ForceBreak), (32 bytes).
    Removing lpc17xx_uart.o(i.UART_FullModemConfigMode), (56 bytes).
    Removing lpc17xx_uart.o(i.UART_FullModemForcePinState), (48 bytes).
    Removing lpc17xx_uart.o(i.UART_FullModemGetStatus), (6 bytes).
    Removing lpc17xx_uart.o(i.UART_GetIntId), (12 bytes).
    Removing lpc17xx_uart.o(i.UART_GetLineStatus), (20 bytes).
    Removing lpc17xx_uart.o(i.UART_IntConfig), (120 bytes).
    Removing lpc17xx_uart.o(i.UART_IrDACmd), (32 bytes).
    Removing lpc17xx_uart.o(i.UART_IrDAInvtInputCmd), (34 bytes).
    Removing lpc17xx_uart.o(i.UART_IrDAPulseDivConfig), (30 bytes).
    Removing lpc17xx_uart.o(i.UART_RS485Config), (92 bytes).
    Removing lpc17xx_uart.o(i.UART_RS485ReceiverCmd), (32 bytes).
    Removing lpc17xx_uart.o(i.UART_RS485Send), (88 bytes).
    Removing lpc17xx_uart.o(i.UART_RS485SendData), (22 bytes).
    Removing lpc17xx_uart.o(i.UART_RS485SendSlvAddr), (18 bytes).
    Removing lpc17xx_uart.o(i.UART_Receive), (114 bytes).
    Removing lpc17xx_uart.o(i.UART_ReceiveByte), (20 bytes).
    Removing lpc17xx_rit.o(.rev16_text), (4 bytes).
    Removing lpc17xx_rit.o(.revsh_text), (4 bytes).
    Removing lpc17xx_rit.o(.rrx_text), (6 bytes).
    Removing lpc17xx_rit.o(i.RIT_DeInit), (34 bytes).
    Removing lpc17xx_rit.o(i.RIT_TimerDebugCmd), (24 bytes).
    Removing system_lpc17xx.o(.rev16_text), (4 bytes).
    Removing system_lpc17xx.o(.revsh_text), (4 bytes).
    Removing system_lpc17xx.o(.rrx_text), (6 bytes).
    Removing system_lpc17xx.o(i.SystemCoreClockUpdate), (424 bytes).

114 unused section(s) (total 3764 bytes) removed from the image.

==============================================================================

Image Symbol Table

    Local Symbols

    Symbol Name                              Value     Ov Type        Size  Object(Section)

    RESET                                    0x00000000   Section      204  startup_lpc17xx.o(RESET)
    ../clib/angel/boardlib.s                 0x00000000   Number         0  boardshut.o ABSOLUTE
    ../clib/angel/boardlib.s                 0x00000000   Number         0  boardinit1.o ABSOLUTE
    ../clib/angel/boardlib.s                 0x00000000   Number         0  boardinit2.o ABSOLUTE
    ../clib/angel/boardlib.s                 0x00000000   Number         0  boardinit3.o ABSOLUTE
    ../clib/angel/handlers.s                 0x00000000   Number         0  __scatter_zi.o ABSOLUTE
    ../clib/angel/handlers.s                 0x00000000   Number         0  __scatter_copy.o ABSOLUTE
    ../clib/angel/kernel.s                   0x00000000   Number         0  __rtentry4.o ABSOLUTE
    ../clib/angel/kernel.s                   0x00000000   Number         0  __rtentry2.o ABSOLUTE
    ../clib/angel/kernel.s                   0x00000000   Number         0  rtexit2.o ABSOLUTE
    ../clib/angel/kernel.s                   0x00000000   Number         0  rtexit.o ABSOLUTE
    ../clib/angel/kernel.s                   0x00000000   Number         0  __rtentry.o ABSOLUTE
    ../clib/angel/rt.s                       0x00000000   Number         0  aeabi_ldiv0_sigfpe.o ABSOLUTE
    ../clib/angel/rt.s                       0x00000000   Number         0  rt_div0.o ABSOLUTE
    ../clib/angel/rt.s                       0x00000000   Number         0  rt_raise.o ABSOLUTE
    ../clib/angel/rt.s                       0x00000000   Number         0  aeabi_ldiv0.o ABSOLUTE
    ../clib/angel/scatter.s                  0x00000000   Number         0  __scatter.o ABSOLUTE
    ../clib/angel/startup.s                  0x00000000   Number         0  __main.o ABSOLUTE
    ../clib/angel/sys.s                      0x00000000   Number         0  indicate_semi.o ABSOLUTE
    ../clib/angel/sys.s                      0x00000000   Number         0  use_no_semi.o ABSOLUTE
    ../clib/angel/sys.s                      0x00000000   Number         0  libspace.o ABSOLUTE
    ../clib/angel/sys.s                      0x00000000   Number         0  sys_stackheap_outer.o ABSOLUTE
    ../clib/angel/sysapp.c                   0x00000000   Number         0  sys_command.o ABSOLUTE
    ../clib/angel/sysapp.c                   0x00000000   Number         0  sys_wrch.o ABSOLUTE
    ../clib/angel/sysapp.c                   0x00000000   Number         0  sys_exit.o ABSOLUTE
    ../clib/armsys.c                         0x00000000   Number         0  _get_argv_nomalloc.o ABSOLUTE
    ../clib/armsys.c                         0x00000000   Number         0  argv_veneer.o ABSOLUTE
    ../clib/armsys.c                         0x00000000   Number         0  no_argv.o ABSOLUTE
    ../clib/armsys.c                         0x00000000   Number         0  argv_veneer.o ABSOLUTE
    ../clib/heapalloc.c                      0x00000000   Number         0  hrguard.o ABSOLUTE
    ../clib/heapaux.c                        0x00000000   Number         0  heapauxi.o ABSOLUTE
    ../clib/libinit.s                        0x00000000   Number         0  libshutdown2.o ABSOLUTE
    ../clib/libinit.s                        0x00000000   Number         0  libinit2.o ABSOLUTE
    ../clib/libinit.s                        0x00000000   Number         0  libshutdown.o ABSOLUTE
    ../clib/libinit.s                        0x00000000   Number         0  libinit.o ABSOLUTE
    ../clib/longlong.s                       0x00000000   Number         0  lludivv7m.o ABSOLUTE
    ../clib/misc.s                           0x00000000   Number         0  printf_stubs.o ABSOLUTE
    ../clib/printf.c                         0x00000000   Number         0  __printf_flags_wp.o ABSOLUTE
    ../clib/printf.c                         0x00000000   Number         0  __2sprintf.o ABSOLUTE
    ../clib/printf.c                         0x00000000   Number         0  _sputc.o ABSOLUTE
    ../clib/printf.c                         0x00000000   Number         0  _printf_intcommon.o ABSOLUTE
    ../clib/printf.c                         0x00000000   Number         0  noretval__2sprintf.o ABSOLUTE
    ../clib/printf.c                         0x00000000   Number         0  __printf.o ABSOLUTE
    ../clib/printf.c                         0x00000000   Number         0  __printf_wp.o ABSOLUTE
    ../clib/printf.c                         0x00000000   Number         0  __printf_flags_ss.o ABSOLUTE
    ../clib/printf.c                         0x00000000   Number         0  _printf_dec.o ABSOLUTE
    ../clib/printf.c                         0x00000000   Number         0  __printf_flags.o ABSOLUTE
    ../clib/printf.c                         0x00000000   Number         0  __printf_ss.o ABSOLUTE
    ../clib/printf.c                         0x00000000   Number         0  __printf_ss_wp.o ABSOLUTE
    ../clib/printf.c                         0x00000000   Number         0  __printf_flags_ss_wp.o ABSOLUTE
    ../clib/printf.c                         0x00000000   Number         0  __printf_nopercent.o ABSOLUTE
    ../clib/printf.c                         0x00000000   Number         0  _printf_char_common.o ABSOLUTE
    ../clib/printf_percent.s                 0x00000000   Number         0  _printf_percent_end.o ABSOLUTE
    ../clib/printf_percent.s                 0x00000000   Number         0  _printf_u.o ABSOLUTE
    ../clib/printf_percent.s                 0x00000000   Number         0  _printf_d.o ABSOLUTE
    ../clib/printf_percent.s                 0x00000000   Number         0  _printf_percent.o ABSOLUTE
    ../clib/signal.c                         0x00000000   Number         0  defsig_rtmem_formal.o ABSOLUTE
    ../clib/signal.c                         0x00000000   Number         0  defsig_rtred_inner.o ABSOLUTE
    ../clib/signal.c                         0x00000000   Number         0  defsig_abrt_inner.o ABSOLUTE
    ../clib/signal.c                         0x00000000   Number         0  defsig_general.o ABSOLUTE
    ../clib/signal.c                         0x00000000   Number         0  __raise.o ABSOLUTE
    ../clib/signal.c                         0x00000000   Number         0  defsig_stak_inner.o ABSOLUTE
    ../clib/signal.c                         0x00000000   Number         0  defsig_pvfn_inner.o ABSOLUTE
    ../clib/signal.c                         0x00000000   Number         0  defsig_cppl_inner.o ABSOLUTE
    ../clib/signal.c                         0x00000000   Number         0  defsig_fpe_inner.o ABSOLUTE
    ../clib/signal.c                         0x00000000   Number         0  defsig_exit.o ABSOLUTE
    ../clib/signal.c                         0x00000000   Number         0  defsig_segv_inner.o ABSOLUTE
    ../clib/signal.c                         0x00000000   Number         0  defsig_other.o ABSOLUTE
    ../clib/signal.c                         0x00000000   Number         0  defsig_fpe_outer.o ABSOLUTE
    ../clib/signal.c                         0x00000000   Number         0  defsig_fpe_formal.o ABSOLUTE
    ../clib/signal.c                         0x00000000   Number         0  defsig_rtmem_inner.o ABSOLUTE
    ../clib/signal.c                         0x00000000   Number         0  defsig_rtmem_outer.o ABSOLUTE
    ../clib/signal.s                         0x00000000   Number         0  defsig.o ABSOLUTE
    ../clib/stdlib.c                         0x00000000   Number         0  exit.o ABSOLUTE
    ../fplib/fdiv.s                          0x00000000   Number         0  fdiv.o ABSOLUTE
    ../fplib/ffixu.s                         0x00000000   Number         0  ffixu.o ABSOLUTE
    ../fplib/fflt.s                          0x00000000   Number         0  fflt_clz.o ABSOLUTE
    ../fplib/fmul.s                          0x00000000   Number         0  fmul.o ABSOLUTE
    ../fplib/fnaninf.s                       0x00000000   Number         0  fnaninf.o ABSOLUTE
    ../fplib/fpinit.s                        0x00000000   Number         0  fpinit.o ABSOLUTE
    ../fplib/fretinf.s                       0x00000000   Number         0  fretinf.o ABSOLUTE
    ../fplib/usenofp.s                       0x00000000   Number         0  usenofp.o ABSOLUTE
    ..\..\Drivers\source\lpc17xx_adc.c       0x00000000   Number         0  lpc17xx_adc.o ABSOLUTE
    ..\..\Drivers\source\lpc17xx_clkpwr.c    0x00000000   Number         0  lpc17xx_clkpwr.o ABSOLUTE
    ..\..\Drivers\source\lpc17xx_gpio.c      0x00000000   Number         0  lpc17xx_gpio.o ABSOLUTE
    ..\..\Drivers\source\lpc17xx_nvic.c      0x00000000   Number         0  lpc17xx_nvic.o ABSOLUTE
    ..\..\Drivers\source\lpc17xx_pinsel.c    0x00000000   Number         0  lpc17xx_pinsel.o ABSOLUTE
    ..\..\Drivers\source\lpc17xx_rit.c       0x00000000   Number         0  lpc17xx_rit.o ABSOLUTE
    ..\..\Drivers\source\lpc17xx_uart.c      0x00000000   Number         0  lpc17xx_uart.o ABSOLUTE
    ..\..\src\Delay_RIT.c                    0x00000000   Number         0  delay_rit.o ABSOLUTE
    ..\..\src\HardwareInit.c                 0x00000000   Number         0  hardwareinit.o ABSOLUTE
    ..\..\src\main.c                         0x00000000   Number         0  main.o ABSOLUTE
    ..\\..\\Drivers\\source\\lpc17xx_adc.c   0x00000000   Number         0  lpc17xx_adc.o ABSOLUTE
    ..\\..\\Drivers\\source\\lpc17xx_clkpwr.c 0x00000000   Number         0  lpc17xx_clkpwr.o ABSOLUTE
    ..\\..\\Drivers\\source\\lpc17xx_gpio.c  0x00000000   Number         0  lpc17xx_gpio.o ABSOLUTE
    ..\\..\\Drivers\\source\\lpc17xx_nvic.c  0x00000000   Number         0  lpc17xx_nvic.o ABSOLUTE
    ..\\..\\Drivers\\source\\lpc17xx_pinsel.c 0x00000000   Number         0  lpc17xx_pinsel.o ABSOLUTE
    ..\\..\\Drivers\\source\\lpc17xx_rit.c   0x00000000   Number         0  lpc17xx_rit.o ABSOLUTE
    ..\\..\\Drivers\\source\\lpc17xx_uart.c  0x00000000   Number         0  lpc17xx_uart.o ABSOLUTE
    ..\\..\\src\\Delay_RIT.c                 0x00000000   Number         0  delay_rit.o ABSOLUTE
    ..\\..\\src\\HardwareInit.c              0x00000000   Number         0  hardwareinit.o ABSOLUTE
    ..\\..\\src\\main.c                      0x00000000   Number         0  main.o ABSOLUTE
    RTE\Device\LPC1768\startup_LPC17xx.s     0x00000000   Number         0  startup_lpc17xx.o ABSOLUTE
    RTE\Device\LPC1768\system_LPC17xx.c      0x00000000   Number         0  system_lpc17xx.o ABSOLUTE
    RTE\\Device\\LPC1768\\system_LPC17xx.c   0x00000000   Number         0  system_lpc17xx.o ABSOLUTE
    dc.s                                     0x00000000   Number         0  dc.o ABSOLUTE
    !!!main                                  0x000000cc   Section        8  __main.o(!!!main)
    !!!scatter                               0x000000d4   Section       52  __scatter.o(!!!scatter)
    !!handler_copy                           0x00000108   Section       26  __scatter_copy.o(!!handler_copy)
    !!handler_zi                             0x00000124   Section       28  __scatter_zi.o(!!handler_zi)
    .ARM.Collect$$_printf_percent$$00000000  0x00000140   Section        0  _printf_percent.o(.ARM.Collect$$_printf_percent$$00000000)
    .ARM.Collect$$_printf_percent$$00000009  0x00000140   Section        6  _printf_d.o(.ARM.Collect$$_printf_percent$$00000009)
    .ARM.Collect$$_printf_percent$$0000000A  0x00000146   Section        6  _printf_u.o(.ARM.Collect$$_printf_percent$$0000000A)
    .ARM.Collect$$_printf_percent$$00000017  0x0000014c   Section        4  _printf_percent_end.o(.ARM.Collect$$_printf_percent$$00000017)
    .ARM.Collect$$libinit$$00000000          0x00000150   Section        2  libinit.o(.ARM.Collect$$libinit$$00000000)
    .ARM.Collect$$libinit$$00000002          0x00000152   Section        0  libinit2.o(.ARM.Collect$$libinit$$00000002)
    .ARM.Collect$$libinit$$00000004          0x00000152   Section        0  libinit2.o(.ARM.Collect$$libinit$$00000004)
    .ARM.Collect$$libinit$$0000000A          0x00000152   Section        0  libinit2.o(.ARM.Collect$$libinit$$0000000A)
    .ARM.Collect$$libinit$$0000000C          0x00000152   Section        0  libinit2.o(.ARM.Collect$$libinit$$0000000C)
    .ARM.Collect$$libinit$$0000000E          0x00000152   Section        0  libinit2.o(.ARM.Collect$$libinit$$0000000E)
    .ARM.Collect$$libinit$$00000011          0x00000152   Section        0  libinit2.o(.ARM.Collect$$libinit$$00000011)
    .ARM.Collect$$libinit$$00000013          0x00000152   Section        0  libinit2.o(.ARM.Collect$$libinit$$00000013)
    .ARM.Collect$$libinit$$00000015          0x00000152   Section        0  libinit2.o(.ARM.Collect$$libinit$$00000015)
    .ARM.Collect$$libinit$$00000017          0x00000152   Section        0  libinit2.o(.ARM.Collect$$libinit$$00000017)
    .ARM.Collect$$libinit$$00000019          0x00000152   Section        0  libinit2.o(.ARM.Collect$$libinit$$00000019)
    .ARM.Collect$$libinit$$0000001B          0x00000152   Section        0  libinit2.o(.ARM.Collect$$libinit$$0000001B)
    .ARM.Collect$$libinit$$0000001D          0x00000152   Section        0  libinit2.o(.ARM.Collect$$libinit$$0000001D)
    .ARM.Collect$$libinit$$0000001F          0x00000152   Section        0  libinit2.o(.ARM.Collect$$libinit$$0000001F)
    .ARM.Collect$$libinit$$00000021          0x00000152   Section        0  libinit2.o(.ARM.Collect$$libinit$$00000021)
    .ARM.Collect$$libinit$$00000023          0x00000152   Section        0  libinit2.o(.ARM.Collect$$libinit$$00000023)
    .ARM.Collect$$libinit$$00000025          0x00000152   Section        0  libinit2.o(.ARM.Collect$$libinit$$00000025)
    .ARM.Collect$$libinit$$0000002C          0x00000152   Section        0  libinit2.o(.ARM.Collect$$libinit$$0000002C)
    .ARM.Collect$$libinit$$0000002E          0x00000152   Section        0  libinit2.o(.ARM.Collect$$libinit$$0000002E)
    .ARM.Collect$$libinit$$00000030          0x00000152   Section        0  libinit2.o(.ARM.Collect$$libinit$$00000030)
    .ARM.Collect$$libinit$$00000032          0x00000152   Section        0  libinit2.o(.ARM.Collect$$libinit$$00000032)
    .ARM.Collect$$libinit$$00000033          0x00000152   Section        2  libinit2.o(.ARM.Collect$$libinit$$00000033)
    .ARM.Collect$$libshutdown$$00000000      0x00000154   Section        2  libshutdown.o(.ARM.Collect$$libshutdown$$00000000)
    .ARM.Collect$$libshutdown$$00000002      0x00000156   Section        0  libshutdown2.o(.ARM.Collect$$libshutdown$$00000002)
    .ARM.Collect$$libshutdown$$00000004      0x00000156   Section        0  libshutdown2.o(.ARM.Collect$$libshutdown$$00000004)
    .ARM.Collect$$libshutdown$$00000007      0x00000156   Section        0  libshutdown2.o(.ARM.Collect$$libshutdown$$00000007)
    .ARM.Collect$$libshutdown$$0000000A      0x00000156   Section        0  libshutdown2.o(.ARM.Collect$$libshutdown$$0000000A)
    .ARM.Collect$$libshutdown$$0000000C      0x00000156   Section        0  libshutdown2.o(.ARM.Collect$$libshutdown$$0000000C)
    .ARM.Collect$$libshutdown$$0000000F      0x00000156   Section        0  libshutdown2.o(.ARM.Collect$$libshutdown$$0000000F)
    .ARM.Collect$$libshutdown$$00000010      0x00000156   Section        2  libshutdown2.o(.ARM.Collect$$libshutdown$$00000010)
    .ARM.Collect$$rtentry$$00000000          0x00000158   Section        0  __rtentry.o(.ARM.Collect$$rtentry$$00000000)
    .ARM.Collect$$rtentry$$00000002          0x00000158   Section        0  __rtentry2.o(.ARM.Collect$$rtentry$$00000002)
    .ARM.Collect$$rtentry$$00000004          0x00000158   Section        6  __rtentry4.o(.ARM.Collect$$rtentry$$00000004)
    .ARM.Collect$$rtentry$$00000009          0x0000015e   Section        0  __rtentry2.o(.ARM.Collect$$rtentry$$00000009)
    .ARM.Collect$$rtentry$$0000000A          0x0000015e   Section        4  __rtentry2.o(.ARM.Collect$$rtentry$$0000000A)
    .ARM.Collect$$rtentry$$0000000C          0x00000162   Section        0  __rtentry2.o(.ARM.Collect$$rtentry$$0000000C)
    .ARM.Collect$$rtentry$$0000000D          0x00000162   Section        8  __rtentry2.o(.ARM.Collect$$rtentry$$0000000D)
    .ARM.Collect$$rtexit$$00000000           0x0000016a   Section        2  rtexit.o(.ARM.Collect$$rtexit$$00000000)
    .ARM.Collect$$rtexit$$00000002           0x0000016c   Section        0  rtexit2.o(.ARM.Collect$$rtexit$$00000002)
    .ARM.Collect$$rtexit$$00000003           0x0000016c   Section        4  rtexit2.o(.ARM.Collect$$rtexit$$00000003)
    .ARM.Collect$$rtexit$$00000004           0x00000170   Section        6  rtexit2.o(.ARM.Collect$$rtexit$$00000004)
    .text                                    0x00000178   Section       60  startup_lpc17xx.o(.text)
    .text                                    0x000001b4   Section      238  lludivv7m.o(.text)
    .text                                    0x000002a4   Section        0  __2sprintf.o(.text)
    .text                                    0x000002d0   Section        0  heapauxi.o(.text)
    .text                                    0x000002d6   Section        0  _sputc.o(.text)
    .text                                    0x000002e0   Section        0  exit.o(.text)
    .text                                    0x000002f4   Section        8  libspace.o(.text)
    .ARM.__at_0x02FC                         0x000002fc   Section        4  startup_lpc17xx.o(.ARM.__at_0x02FC)
    .text                                    0x00000300   Section        0  __printf.o(.text)
    .text                                    0x00000368   Section        0  _printf_dec.o(.text)
    .text                                    0x000003e0   Section        0  _printf_intcommon.o(.text)
    .text                                    0x00000494   Section        0  _printf_char_common.o(.text)
    _printf_input_char                       0x00000495   Thumb Code    10  _printf_char_common.o(.text)
    .text                                    0x000004c4   Section       74  sys_stackheap_outer.o(.text)
    .text                                    0x00000510   Section        0  sys_exit.o(.text)
    .text                                    0x0000051c   Section        2  use_no_semi.o(.text)
    .text                                    0x0000051e   Section        0  indicate_semi.o(.text)
    i.ADC_ChannelCmd                         0x0000051e   Section        0  lpc17xx_adc.o(i.ADC_ChannelCmd)
    i.ADC_ChannelGetData                     0x0000054c   Section        0  lpc17xx_adc.o(i.ADC_ChannelGetData)
    i.ADC_ChannelGetStatus                   0x0000055c   Section        0  lpc17xx_adc.o(i.ADC_ChannelGetStatus)
    i.ADC_IRQHandler                         0x00000580   Section        0  main.o(i.ADC_IRQHandler)
    i.ADC_Init                               0x00000640   Section        0  lpc17xx_adc.o(i.ADC_Init)
    i.ADC_IntConfig                          0x0000067a   Section        0  lpc17xx_adc.o(i.ADC_IntConfig)
    i.ADC_StartCmd                           0x00000694   Section        0  lpc17xx_adc.o(i.ADC_StartCmd)
    i.CLKPWR_ConfigPPWR                      0x000006a8   Section        0  lpc17xx_clkpwr.o(i.CLKPWR_ConfigPPWR)
    i.CLKPWR_GetPCLK                         0x000006e0   Section        0  lpc17xx_clkpwr.o(i.CLKPWR_GetPCLK)
    i.CLKPWR_GetPCLKSEL                      0x00000720   Section        0  lpc17xx_clkpwr.o(i.CLKPWR_GetPCLKSEL)
    i.Delay_RIT_Init                         0x00000748   Section        0  delay_rit.o(i.Delay_RIT_Init)
    i.Delay_RIT_ms                           0x00000774   Section        0  delay_rit.o(i.Delay_RIT_ms)
    i.HW_Init                                0x000007ac   Section        0  hardwareinit.o(i.HW_Init)
    i.PINSEL_ConfigPin                       0x00000810   Section        0  lpc17xx_pinsel.o(i.PINSEL_ConfigPin)
    i.RIT_Cmd                                0x00000834   Section        0  lpc17xx_rit.o(i.RIT_Cmd)
    i.RIT_GetIntStatus                       0x0000084c   Section        0  lpc17xx_rit.o(i.RIT_GetIntStatus)
    i.RIT_IRQHandler                         0x0000086c   Section        0  delay_rit.o(i.RIT_IRQHandler)
    i.RIT_Init                               0x00000884   Section        0  lpc17xx_rit.o(i.RIT_Init)
    i.RIT_TimerConfig                        0x000008a4   Section        0  lpc17xx_rit.o(i.RIT_TimerConfig)
    i.SystemInit                             0x000008d0   Section        0  system_lpc17xx.o(i.SystemInit)
    i.UART_Init                              0x00000a10   Section        0  lpc17xx_uart.o(i.UART_Init)
    i.UART_Send                              0x00000b90   Section        0  lpc17xx_uart.o(i.UART_Send)
    i.UART_SendByte                          0x00000c24   Section        0  lpc17xx_uart.o(i.UART_SendByte)
    i.UART_TxCmd                             0x00000c38   Section        0  lpc17xx_uart.o(i.UART_TxCmd)
    i.cwait                                  0x00000c80   Section        0  main.o(i.cwait)
    i.lcd_clear                              0x00000c94   Section        0  main.o(i.lcd_clear)
    i.lcd_command                            0x00000cb8   Section        0  main.o(i.lcd_command)
    i.lcd_gotoxy                             0x00000d08   Section        0  main.o(i.lcd_gotoxy)
    i.lcd_init                               0x00000d58   Section        0  main.o(i.lcd_init)
    i.lcd_putchar                            0x00000dec   Section        0  main.o(i.lcd_putchar)
    i.lcd_putsf                              0x00000e3c   Section        0  main.o(i.lcd_putsf)
    i.main                                   0x00000e5c   Section        0  main.o(i.main)
    i.setD4567                               0x0000100c   Section        0  main.o(i.setD4567)
    i.set_OpenDrainMode                      0x00001048   Section        0  lpc17xx_pinsel.o(i.set_OpenDrainMode)
    set_OpenDrainMode                        0x00001049   Thumb Code    42  lpc17xx_pinsel.o(i.set_OpenDrainMode)
    i.set_PinFunc                            0x00001078   Section        0  lpc17xx_pinsel.o(i.set_PinFunc)
    set_PinFunc                              0x00001079   Thumb Code    60  lpc17xx_pinsel.o(i.set_PinFunc)
    i.set_ResistorMode                       0x000010b8   Section        0  lpc17xx_pinsel.o(i.set_ResistorMode)
    set_ResistorMode                         0x000010b9   Thumb Code    60  lpc17xx_pinsel.o(i.set_ResistorMode)
    i.uart_set_divisors                      0x000010f8   Section        0  lpc17xx_uart.o(i.uart_set_divisors)
    uart_set_divisors                        0x000010f9   Thumb Code   464  lpc17xx_uart.o(i.uart_set_divisors)
    x$fpl$fdiv                               0x000012d8   Section      388  fdiv.o(x$fpl$fdiv)
    _fdiv1                                   0x000012d9   Thumb Code     0  fdiv.o(x$fpl$fdiv)
    x$fpl$ffixu                              0x0000145c   Section       62  ffixu.o(x$fpl$ffixu)
    x$fpl$ffltu                              0x0000149c   Section       38  fflt_clz.o(x$fpl$ffltu)
    x$fpl$fmul                               0x000014c4   Section      258  fmul.o(x$fpl$fmul)
    x$fpl$fnaninf                            0x000015c6   Section      140  fnaninf.o(x$fpl$fnaninf)
    x$fpl$fretinf                            0x00001652   Section       10  fretinf.o(x$fpl$fretinf)
    x$fpl$usenofp                            0x0000165c   Section        0  usenofp.o(x$fpl$usenofp)
    .data                                    0x10000000   Section       18  main.o(.data)
    .data                                    0x10000012   Section        1  delay_rit.o(.data)
    .data                                    0x10000014   Section        4  system_lpc17xx.o(.data)
    .bss                                     0x10000018   Section       96  libspace.o(.bss)
    HEAP                                     0x10000078   Section        0  startup_lpc17xx.o(HEAP)
    STACK                                    0x10000078   Section      512  startup_lpc17xx.o(STACK)
    Heap_Mem                                 0x10000078   Data           0  startup_lpc17xx.o(HEAP)
    Stack_Mem                                0x10000078   Data         512  startup_lpc17xx.o(STACK)
    __initial_sp                             0x10000278   Data           0  startup_lpc17xx.o(STACK)

    Global Symbols

    Symbol Name                              Value     Ov Type        Size  Object(Section)

    BuildAttributes$$THM_ISAv4$P$D$K$B$S$PE$A:L22UL41UL21$X:L11$S22US41US21$IEEE1$IW$USESV6$~STKCKD$USESV7$~SHL$OSPACE$ROPI$EBA8$UX$STANDARDLIB$REQ8$PRES8$EABIv2 0x00000000   Number         0  anon$$obj.o ABSOLUTE
    __ARM_use_no_argv                        0x00000000   Number         0  main.o ABSOLUTE
    __Vectors                                0x00000000   Data           4  startup_lpc17xx.o(RESET)
    _printf_flags                            0x00000000   Number         0  printf_stubs.o ABSOLUTE
    _printf_return_value                     0x00000000   Number         0  printf_stubs.o ABSOLUTE
    _printf_sizespec                         0x00000000   Number         0  printf_stubs.o ABSOLUTE
    _printf_widthprec                        0x00000000   Number         0  printf_stubs.o ABSOLUTE
    __ARM_exceptions_init                     - Undefined Weak Reference
    __alloca_initialize                       - Undefined Weak Reference
    __arm_preinit_                            - Undefined Weak Reference
    __cpp_initialize__aeabi_                  - Undefined Weak Reference
    __cxa_finalize                            - Undefined Weak Reference
    __rt_locale                               - Undefined Weak Reference
    __sigvec_lookup                           - Undefined Weak Reference
    _atexit_init                              - Undefined Weak Reference
    _call_atexit_fns                          - Undefined Weak Reference
    _clock_init                               - Undefined Weak Reference
    _fp_trap_init                             - Undefined Weak Reference
    _fp_trap_shutdown                         - Undefined Weak Reference
    _get_lc_collate                           - Undefined Weak Reference
    _get_lc_ctype                             - Undefined Weak Reference
    _get_lc_monetary                          - Undefined Weak Reference
    _get_lc_numeric                           - Undefined Weak Reference
    _get_lc_time                              - Undefined Weak Reference
    _getenv_init                              - Undefined Weak Reference
    _handle_redirection                       - Undefined Weak Reference
    _init_alloc                               - Undefined Weak Reference
    _init_user_alloc                          - Undefined Weak Reference
    _initio                                   - Undefined Weak Reference
    _printf_post_padding                      - Undefined Weak Reference
    _printf_pre_padding                       - Undefined Weak Reference
    _printf_truncate_signed                   - Undefined Weak Reference
    _printf_truncate_unsigned                 - Undefined Weak Reference
    _rand_init                                - Undefined Weak Reference
    _signal_finish                            - Undefined Weak Reference
    _signal_init                              - Undefined Weak Reference
    _terminate_alloc                          - Undefined Weak Reference
    _terminate_user_alloc                     - Undefined Weak Reference
    _terminateio                              - Undefined Weak Reference
    __main                                   0x000000cd   Thumb Code     8  __main.o(!!!main)
    __scatterload                            0x000000d5   Thumb Code     0  __scatter.o(!!!scatter)
    __scatterload_rt2                        0x000000d5   Thumb Code    44  __scatter.o(!!!scatter)
    __scatterload_rt2_thumb_only             0x000000d5   Thumb Code     0  __scatter.o(!!!scatter)
    __scatterload_null                       0x000000e3   Thumb Code     0  __scatter.o(!!!scatter)
    __scatterload_copy                       0x00000109   Thumb Code    26  __scatter_copy.o(!!handler_copy)
    __scatterload_zeroinit                   0x00000125   Thumb Code    28  __scatter_zi.o(!!handler_zi)
    _printf_d                                0x00000141   Thumb Code     0  _printf_d.o(.ARM.Collect$$_printf_percent$$00000009)
    _printf_percent                          0x00000141   Thumb Code     0  _printf_percent.o(.ARM.Collect$$_printf_percent$$00000000)
    _printf_u                                0x00000147   Thumb Code     0  _printf_u.o(.ARM.Collect$$_printf_percent$$0000000A)
    _printf_percent_end                      0x0000014d   Thumb Code     0  _printf_percent_end.o(.ARM.Collect$$_printf_percent$$00000017)
    __rt_lib_init                            0x00000151   Thumb Code     0  libinit.o(.ARM.Collect$$libinit$$00000000)
    __rt_lib_init_alloca_1                   0x00000153   Thumb Code     0  libinit2.o(.ARM.Collect$$libinit$$0000002E)
    __rt_lib_init_argv_1                     0x00000153   Thumb Code     0  libinit2.o(.ARM.Collect$$libinit$$0000002C)
    __rt_lib_init_atexit_1                   0x00000153   Thumb Code     0  libinit2.o(.ARM.Collect$$libinit$$0000001B)
    __rt_lib_init_clock_1                    0x00000153   Thumb Code     0  libinit2.o(.ARM.Collect$$libinit$$00000021)
    __rt_lib_init_cpp_1                      0x00000153   Thumb Code     0  libinit2.o(.ARM.Collect$$libinit$$00000032)
    __rt_lib_init_exceptions_1               0x00000153   Thumb Code     0  libinit2.o(.ARM.Collect$$libinit$$00000030)
    __rt_lib_init_fp_1                       0x00000153   Thumb Code     0  libinit2.o(.ARM.Collect$$libinit$$00000002)
    __rt_lib_init_fp_trap_1                  0x00000153   Thumb Code     0  libinit2.o(.ARM.Collect$$libinit$$0000001F)
    __rt_lib_init_getenv_1                   0x00000153   Thumb Code     0  libinit2.o(.ARM.Collect$$libinit$$00000023)
    __rt_lib_init_heap_1                     0x00000153   Thumb Code     0  libinit2.o(.ARM.Collect$$libinit$$0000000A)
    __rt_lib_init_lc_collate_1               0x00000153   Thumb Code     0  libinit2.o(.ARM.Collect$$libinit$$00000011)
    __rt_lib_init_lc_ctype_1                 0x00000153   Thumb Code     0  libinit2.o(.ARM.Collect$$libinit$$00000013)
    __rt_lib_init_lc_monetary_1              0x00000153   Thumb Code     0  libinit2.o(.ARM.Collect$$libinit$$00000015)
    __rt_lib_init_lc_numeric_1               0x00000153   Thumb Code     0  libinit2.o(.ARM.Collect$$libinit$$00000017)
    __rt_lib_init_lc_time_1                  0x00000153   Thumb Code     0  libinit2.o(.ARM.Collect$$libinit$$00000019)
    __rt_lib_init_preinit_1                  0x00000153   Thumb Code     0  libinit2.o(.ARM.Collect$$libinit$$00000004)
    __rt_lib_init_rand_1                     0x00000153   Thumb Code     0  libinit2.o(.ARM.Collect$$libinit$$0000000E)
    __rt_lib_init_return                     0x00000153   Thumb Code     0  libinit2.o(.ARM.Collect$$libinit$$00000033)
    __rt_lib_init_signal_1                   0x00000153   Thumb Code     0  libinit2.o(.ARM.Collect$$libinit$$0000001D)
    __rt_lib_init_stdio_1                    0x00000153   Thumb Code     0  libinit2.o(.ARM.Collect$$libinit$$00000025)
    __rt_lib_init_user_alloc_1               0x00000153   Thumb Code     0  libinit2.o(.ARM.Collect$$libinit$$0000000C)
    __rt_lib_shutdown                        0x00000155   Thumb Code     0  libshutdown.o(.ARM.Collect$$libshutdown$$00000000)
    __rt_lib_shutdown_cpp_1                  0x00000157   Thumb Code     0  libshutdown2.o(.ARM.Collect$$libshutdown$$00000002)
    __rt_lib_shutdown_fp_trap_1              0x00000157   Thumb Code     0  libshutdown2.o(.ARM.Collect$$libshutdown$$00000007)
    __rt_lib_shutdown_heap_1                 0x00000157   Thumb Code     0  libshutdown2.o(.ARM.Collect$$libshutdown$$0000000F)
    __rt_lib_shutdown_return                 0x00000157   Thumb Code     0  libshutdown2.o(.ARM.Collect$$libshutdown$$00000010)
    __rt_lib_shutdown_signal_1               0x00000157   Thumb Code     0  libshutdown2.o(.ARM.Collect$$libshutdown$$0000000A)
    __rt_lib_shutdown_stdio_1                0x00000157   Thumb Code     0  libshutdown2.o(.ARM.Collect$$libshutdown$$00000004)
    __rt_lib_shutdown_user_alloc_1           0x00000157   Thumb Code     0  libshutdown2.o(.ARM.Collect$$libshutdown$$0000000C)
    __rt_entry                               0x00000159   Thumb Code     0  __rtentry.o(.ARM.Collect$$rtentry$$00000000)
    __rt_entry_presh_1                       0x00000159   Thumb Code     0  __rtentry2.o(.ARM.Collect$$rtentry$$00000002)
    __rt_entry_sh                            0x00000159   Thumb Code     0  __rtentry4.o(.ARM.Collect$$rtentry$$00000004)
    __rt_entry_li                            0x0000015f   Thumb Code     0  __rtentry2.o(.ARM.Collect$$rtentry$$0000000A)
    __rt_entry_postsh_1                      0x0000015f   Thumb Code     0  __rtentry2.o(.ARM.Collect$$rtentry$$00000009)
    __rt_entry_main                          0x00000163   Thumb Code     0  __rtentry2.o(.ARM.Collect$$rtentry$$0000000D)
    __rt_entry_postli_1                      0x00000163   Thumb Code     0  __rtentry2.o(.ARM.Collect$$rtentry$$0000000C)
    __rt_exit                                0x0000016b   Thumb Code     0  rtexit.o(.ARM.Collect$$rtexit$$00000000)
    __rt_exit_ls                             0x0000016d   Thumb Code     0  rtexit2.o(.ARM.Collect$$rtexit$$00000003)
    __rt_exit_prels_1                        0x0000016d   Thumb Code     0  rtexit2.o(.ARM.Collect$$rtexit$$00000002)
    __rt_exit_exit                           0x00000171   Thumb Code     0  rtexit2.o(.ARM.Collect$$rtexit$$00000004)
    Reset_Handler                            0x00000179   Thumb Code     8  startup_lpc17xx.o(.text)
    NMI_Handler                              0x00000181   Thumb Code     2  startup_lpc17xx.o(.text)
    HardFault_Handler                        0x00000183   Thumb Code     2  startup_lpc17xx.o(.text)
    MemManage_Handler                        0x00000185   Thumb Code     2  startup_lpc17xx.o(.text)
    BusFault_Handler                         0x00000187   Thumb Code     2  startup_lpc17xx.o(.text)
    UsageFault_Handler                       0x00000189   Thumb Code     2  startup_lpc17xx.o(.text)
    SVC_Handler                              0x0000018b   Thumb Code     2  startup_lpc17xx.o(.text)
    DebugMon_Handler                         0x0000018d   Thumb Code     2  startup_lpc17xx.o(.text)
    PendSV_Handler                           0x0000018f   Thumb Code     2  startup_lpc17xx.o(.text)
    SysTick_Handler                          0x00000191   Thumb Code     2  startup_lpc17xx.o(.text)
    BOD_IRQHandler                           0x00000193   Thumb Code     0  startup_lpc17xx.o(.text)
    CANActivity_IRQHandler                   0x00000193   Thumb Code     0  startup_lpc17xx.o(.text)
    CAN_IRQHandler                           0x00000193   Thumb Code     0  startup_lpc17xx.o(.text)
    DMA_IRQHandler                           0x00000193   Thumb Code     0  startup_lpc17xx.o(.text)
    EINT0_IRQHandler                         0x00000193   Thumb Code     0  startup_lpc17xx.o(.text)
    EINT1_IRQHandler                         0x00000193   Thumb Code     0  startup_lpc17xx.o(.text)
    EINT2_IRQHandler                         0x00000193   Thumb Code     0  startup_lpc17xx.o(.text)
    EINT3_IRQHandler                         0x00000193   Thumb Code     0  startup_lpc17xx.o(.text)
    ENET_IRQHandler                          0x00000193   Thumb Code     0  startup_lpc17xx.o(.text)
    I2C0_IRQHandler                          0x00000193   Thumb Code     0  startup_lpc17xx.o(.text)
    I2C1_IRQHandler                          0x00000193   Thumb Code     0  startup_lpc17xx.o(.text)
    I2C2_IRQHandler                          0x00000193   Thumb Code     0  startup_lpc17xx.o(.text)
    I2S_IRQHandler                           0x00000193   Thumb Code     0  startup_lpc17xx.o(.text)
    MCPWM_IRQHandler                         0x00000193   Thumb Code     0  startup_lpc17xx.o(.text)
    PLL0_IRQHandler                          0x00000193   Thumb Code     0  startup_lpc17xx.o(.text)
    PLL1_IRQHandler                          0x00000193   Thumb Code     0  startup_lpc17xx.o(.text)
    PWM1_IRQHandler                          0x00000193   Thumb Code     0  startup_lpc17xx.o(.text)
    QEI_IRQHandler                           0x00000193   Thumb Code     0  startup_lpc17xx.o(.text)
    RTC_IRQHandler                           0x00000193   Thumb Code     0  startup_lpc17xx.o(.text)
    SPI_IRQHandler                           0x00000193   Thumb Code     0  startup_lpc17xx.o(.text)
    SSP0_IRQHandler                          0x00000193   Thumb Code     0  startup_lpc17xx.o(.text)
    SSP1_IRQHandler                          0x00000193   Thumb Code     0  startup_lpc17xx.o(.text)
    TIMER0_IRQHandler                        0x00000193   Thumb Code     0  startup_lpc17xx.o(.text)
    TIMER1_IRQHandler                        0x00000193   Thumb Code     0  startup_lpc17xx.o(.text)
    TIMER2_IRQHandler                        0x00000193   Thumb Code     0  startup_lpc17xx.o(.text)
    TIMER3_IRQHandler                        0x00000193   Thumb Code     0  startup_lpc17xx.o(.text)
    UART0_IRQHandler                         0x00000193   Thumb Code     0  startup_lpc17xx.o(.text)
    UART1_IRQHandler                         0x00000193   Thumb Code     0  startup_lpc17xx.o(.text)
    UART2_IRQHandler                         0x00000193   Thumb Code     0  startup_lpc17xx.o(.text)
    UART3_IRQHandler                         0x00000193   Thumb Code     0  startup_lpc17xx.o(.text)
    USBActivity_IRQHandler                   0x00000193   Thumb Code     0  startup_lpc17xx.o(.text)
    USB_IRQHandler                           0x00000193   Thumb Code     0  startup_lpc17xx.o(.text)
    WDT_IRQHandler                           0x00000193   Thumb Code     0  startup_lpc17xx.o(.text)
    __user_initial_stackheap                 0x00000195   Thumb Code     0  startup_lpc17xx.o(.text)
    __aeabi_uldivmod                         0x000001b5   Thumb Code     0  lludivv7m.o(.text)
    _ll_udiv                                 0x000001b5   Thumb Code   238  lludivv7m.o(.text)
    __2sprintf                               0x000002a5   Thumb Code    38  __2sprintf.o(.text)
    __use_two_region_memory                  0x000002d1   Thumb Code     2  heapauxi.o(.text)
    __rt_heap_escrow$2region                 0x000002d3   Thumb Code     2  heapauxi.o(.text)
    __rt_heap_expand$2region                 0x000002d5   Thumb Code     2  heapauxi.o(.text)
    _sputc                                   0x000002d7   Thumb Code    10  _sputc.o(.text)
    exit                                     0x000002e1   Thumb Code    18  exit.o(.text)
    __user_libspace                          0x000002f5   Thumb Code     8  libspace.o(.text)
    __user_perproc_libspace                  0x000002f5   Thumb Code     0  libspace.o(.text)
    __user_perthread_libspace                0x000002f5   Thumb Code     0  libspace.o(.text)
    __printf                                 0x00000301   Thumb Code   104  __printf.o(.text)
    _printf_int_dec                          0x00000369   Thumb Code   104  _printf_dec.o(.text)
    _printf_int_common                       0x000003e1   Thumb Code   178  _printf_intcommon.o(.text)
    _printf_char_common                      0x0000049f   Thumb Code    32  _printf_char_common.o(.text)
    __user_setup_stackheap                   0x000004c5   Thumb Code    74  sys_stackheap_outer.o(.text)
    _sys_exit                                0x00000511   Thumb Code     8  sys_exit.o(.text)
    __I$use$semihosting                      0x0000051d   Thumb Code     0  use_no_semi.o(.text)
    __use_no_semihosting_swi                 0x0000051d   Thumb Code     2  use_no_semi.o(.text)
    ADC_ChannelCmd                           0x0000051f   Thumb Code    46  lpc17xx_adc.o(i.ADC_ChannelCmd)
    __semihosting_library_function           0x0000051f   Thumb Code     0  indicate_semi.o(.text)
    ADC_ChannelGetData                       0x0000054d   Thumb Code    16  lpc17xx_adc.o(i.ADC_ChannelGetData)
    ADC_ChannelGetStatus                     0x0000055d   Thumb Code    36  lpc17xx_adc.o(i.ADC_ChannelGetStatus)
    ADC_IRQHandler                           0x00000581   Thumb Code   150  main.o(i.ADC_IRQHandler)
    ADC_Init                                 0x00000641   Thumb Code    58  lpc17xx_adc.o(i.ADC_Init)
    ADC_IntConfig                            0x0000067b   Thumb Code    26  lpc17xx_adc.o(i.ADC_IntConfig)
    ADC_StartCmd                             0x00000695   Thumb Code    18  lpc17xx_adc.o(i.ADC_StartCmd)
    CLKPWR_ConfigPPWR                        0x000006a9   Thumb Code    46  lpc17xx_clkpwr.o(i.CLKPWR_ConfigPPWR)
    CLKPWR_GetPCLK                           0x000006e1   Thumb Code    58  lpc17xx_clkpwr.o(i.CLKPWR_GetPCLK)
    CLKPWR_GetPCLKSEL                        0x00000721   Thumb Code    34  lpc17xx_clkpwr.o(i.CLKPWR_GetPCLKSEL)
    Delay_RIT_Init                           0x00000749   Thumb Code    38  delay_rit.o(i.Delay_RIT_Init)
    Delay_RIT_ms                             0x00000775   Thumb Code    46  delay_rit.o(i.Delay_RIT_ms)
    HW_Init                                  0x000007ad   Thumb Code    94  hardwareinit.o(i.HW_Init)
    PINSEL_ConfigPin                         0x00000811   Thumb Code    36  lpc17xx_pinsel.o(i.PINSEL_ConfigPin)
    RIT_Cmd                                  0x00000835   Thumb Code    24  lpc17xx_rit.o(i.RIT_Cmd)
    RIT_GetIntStatus                         0x0000084d   Thumb Code    30  lpc17xx_rit.o(i.RIT_GetIntStatus)
    RIT_IRQHandler                           0x0000086d   Thumb Code    16  delay_rit.o(i.RIT_IRQHandler)
    RIT_Init                                 0x00000885   Thumb Code    32  lpc17xx_rit.o(i.RIT_Init)
    RIT_TimerConfig                          0x000008a5   Thumb Code    42  lpc17xx_rit.o(i.RIT_TimerConfig)
    SystemInit                               0x000008d1   Thumb Code   302  system_lpc17xx.o(i.SystemInit)
    UART_Init                                0x00000a11   Thumb Code   366  lpc17xx_uart.o(i.UART_Init)
    UART_Send                                0x00000b91   Thumb Code   148  lpc17xx_uart.o(i.UART_Send)
    UART_SendByte                            0x00000c25   Thumb Code    14  lpc17xx_uart.o(i.UART_SendByte)
    UART_TxCmd                               0x00000c39   Thumb Code    68  lpc17xx_uart.o(i.UART_TxCmd)
    cwait                                    0x00000c81   Thumb Code    18  main.o(i.cwait)
    lcd_clear                                0x00000c95   Thumb Code    30  main.o(i.lcd_clear)
    lcd_command                              0x00000cb9   Thumb Code    76  main.o(i.lcd_command)
    lcd_gotoxy                               0x00000d09   Thumb Code    80  main.o(i.lcd_gotoxy)
    lcd_init                                 0x00000d59   Thumb Code   144  main.o(i.lcd_init)
    lcd_putchar                              0x00000ded   Thumb Code    76  main.o(i.lcd_putchar)
    lcd_putsf                                0x00000e3d   Thumb Code    30  main.o(i.lcd_putsf)
    main                                     0x00000e5d   Thumb Code   370  main.o(i.main)
    setD4567                                 0x0000100d   Thumb Code    54  main.o(i.setD4567)
    __aeabi_fdiv                             0x000012d9   Thumb Code     0  fdiv.o(x$fpl$fdiv)
    _fdiv                                    0x000012d9   Thumb Code   384  fdiv.o(x$fpl$fdiv)
    __aeabi_f2uiz                            0x0000145d   Thumb Code     0  ffixu.o(x$fpl$ffixu)
    _ffixu                                   0x0000145d   Thumb Code    62  ffixu.o(x$fpl$ffixu)
    __aeabi_ui2f                             0x0000149d   Thumb Code     0  fflt_clz.o(x$fpl$ffltu)
    _ffltu                                   0x0000149d   Thumb Code    38  fflt_clz.o(x$fpl$ffltu)
    __aeabi_fmul                             0x000014c5   Thumb Code     0  fmul.o(x$fpl$fmul)
    _fmul                                    0x000014c5   Thumb Code   258  fmul.o(x$fpl$fmul)
    __fpl_fnaninf                            0x000015c7   Thumb Code   140  fnaninf.o(x$fpl$fnaninf)
    __fpl_fretinf                            0x00001653   Thumb Code    10  fretinf.o(x$fpl$fretinf)
    Region$$Table$$Base                      0x0000165c   Number         0  anon$$obj.o(Region$$Table)
    __I$use$fp                               0x0000165c   Number         0  usenofp.o(x$fpl$usenofp)
    Region$$Table$$Limit                     0x0000167c   Number         0  anon$$obj.o(Region$$Table)
    voltage                                  0x10000000   Data           4  main.o(.data)
    totalTemp                                0x10000004   Data           4  main.o(.data)
    calVoltage                               0x10000008   Data           4  main.o(.data)
    counOfsum                                0x1000000c   Data           1  main.o(.data)
    flagOfTemp                               0x1000000d   Data           1  main.o(.data)
    realTemp                                 0x1000000e   Data           2  main.o(.data)
    temp                                     0x10000010   Data           2  main.o(.data)
    ritFlag                                  0x10000012   Data           1  delay_rit.o(.data)
    SystemCoreClock                          0x10000014   Data           4  system_lpc17xx.o(.data)
    __libspace_start                         0x10000018   Data          96  libspace.o(.bss)
    __temporary_stack_top$libspace           0x10000078   Data           0  libspace.o(.bss)



==============================================================================

Memory Map of the image

  Image Entry point : 0x00000179

  Load Region LR_1 (Base: 0x00000000, Size: 0x00001694, Max: 0xffffffff, ABSOLUTE)

    Execution Region ER_RO (Exec base: 0x00000000, Load base: 0x00000000, Size: 0x0000167c, Max: 0xffffffff, ABSOLUTE)

    Exec Addr    Load Addr    Size         Type   Attr      Idx    E Section Name        Object

    0x00000000   0x00000000   0x000000cc   Data   RO          955    RESET               startup_lpc17xx.o
    0x000000cc   0x000000cc   0x00000008   Code   RO         1036  * !!!main             c_w.l(__main.o)
    0x000000d4   0x000000d4   0x00000034   Code   RO         1233    !!!scatter          c_w.l(__scatter.o)
    0x00000108   0x00000108   0x0000001a   Code   RO         1235    !!handler_copy      c_w.l(__scatter_copy.o)
    0x00000122   0x00000122   0x00000002   PAD
    0x00000124   0x00000124   0x0000001c   Code   RO         1237    !!handler_zi        c_w.l(__scatter_zi.o)
    0x00000140   0x00000140   0x00000000   Code   RO         1033    .ARM.Collect$$_printf_percent$$00000000  c_w.l(_printf_percent.o)
    0x00000140   0x00000140   0x00000006   Code   RO         1031    .ARM.Collect$$_printf_percent$$00000009  c_w.l(_printf_d.o)
    0x00000146   0x00000146   0x00000006   Code   RO         1032    .ARM.Collect$$_printf_percent$$0000000A  c_w.l(_printf_u.o)
    0x0000014c   0x0000014c   0x00000004   Code   RO         1065    .ARM.Collect$$_printf_percent$$00000017  c_w.l(_printf_percent_end.o)
    0x00000150   0x00000150   0x00000002   Code   RO         1103    .ARM.Collect$$libinit$$00000000  c_w.l(libinit.o)
    0x00000152   0x00000152   0x00000000   Code   RO         1116    .ARM.Collect$$libinit$$00000002  c_w.l(libinit2.o)
    0x00000152   0x00000152   0x00000000   Code   RO         1118    .ARM.Collect$$libinit$$00000004  c_w.l(libinit2.o)
    0x00000152   0x00000152   0x00000000   Code   RO         1121    .ARM.Collect$$libinit$$0000000A  c_w.l(libinit2.o)
    0x00000152   0x00000152   0x00000000   Code   RO         1123    .ARM.Collect$$libinit$$0000000C  c_w.l(libinit2.o)
    0x00000152   0x00000152   0x00000000   Code   RO         1125    .ARM.Collect$$libinit$$0000000E  c_w.l(libinit2.o)
    0x00000152   0x00000152   0x00000000   Code   RO         1128    .ARM.Collect$$libinit$$00000011  c_w.l(libinit2.o)
    0x00000152   0x00000152   0x00000000   Code   RO         1130    .ARM.Collect$$libinit$$00000013  c_w.l(libinit2.o)
    0x00000152   0x00000152   0x00000000   Code   RO         1132    .ARM.Collect$$libinit$$00000015  c_w.l(libinit2.o)
    0x00000152   0x00000152   0x00000000   Code   RO         1134    .ARM.Collect$$libinit$$00000017  c_w.l(libinit2.o)
    0x00000152   0x00000152   0x00000000   Code   RO         1136    .ARM.Collect$$libinit$$00000019  c_w.l(libinit2.o)
    0x00000152   0x00000152   0x00000000   Code   RO         1138    .ARM.Collect$$libinit$$0000001B  c_w.l(libinit2.o)
    0x00000152   0x00000152   0x00000000   Code   RO         1140    .ARM.Collect$$libinit$$0000001D  c_w.l(libinit2.o)
    0x00000152   0x00000152   0x00000000   Code   RO         1142    .ARM.Collect$$libinit$$0000001F  c_w.l(libinit2.o)
    0x00000152   0x00000152   0x00000000   Code   RO         1144    .ARM.Collect$$libinit$$00000021  c_w.l(libinit2.o)
    0x00000152   0x00000152   0x00000000   Code   RO         1146    .ARM.Collect$$libinit$$00000023  c_w.l(libinit2.o)
    0x00000152   0x00000152   0x00000000   Code   RO         1148    .ARM.Collect$$libinit$$00000025  c_w.l(libinit2.o)
    0x00000152   0x00000152   0x00000000   Code   RO         1152    .ARM.Collect$$libinit$$0000002C  c_w.l(libinit2.o)
    0x00000152   0x00000152   0x00000000   Code   RO         1154    .ARM.Collect$$libinit$$0000002E  c_w.l(libinit2.o)
    0x00000152   0x00000152   0x00000000   Code   RO         1156    .ARM.Collect$$libinit$$00000030  c_w.l(libinit2.o)
    0x00000152   0x00000152   0x00000000   Code   RO         1158    .ARM.Collect$$libinit$$00000032  c_w.l(libinit2.o)
    0x00000152   0x00000152   0x00000002   Code   RO         1159    .ARM.Collect$$libinit$$00000033  c_w.l(libinit2.o)
    0x00000154   0x00000154   0x00000002   Code   RO         1190    .ARM.Collect$$libshutdown$$00000000  c_w.l(libshutdown.o)
    0x00000156   0x00000156   0x00000000   Code   RO         1216    .ARM.Collect$$libshutdown$$00000002  c_w.l(libshutdown2.o)
    0x00000156   0x00000156   0x00000000   Code   RO         1218    .ARM.Collect$$libshutdown$$00000004  c_w.l(libshutdown2.o)
    0x00000156   0x00000156   0x00000000   Code   RO         1221    .ARM.Collect$$libshutdown$$00000007  c_w.l(libshutdown2.o)
    0x00000156   0x00000156   0x00000000   Code   RO         1224    .ARM.Collect$$libshutdown$$0000000A  c_w.l(libshutdown2.o)
    0x00000156   0x00000156   0x00000000   Code   RO         1226    .ARM.Collect$$libshutdown$$0000000C  c_w.l(libshutdown2.o)
    0x00000156   0x00000156   0x00000000   Code   RO         1229    .ARM.Collect$$libshutdown$$0000000F  c_w.l(libshutdown2.o)
    0x00000156   0x00000156   0x00000002   Code   RO         1230    .ARM.Collect$$libshutdown$$00000010  c_w.l(libshutdown2.o)
    0x00000158   0x00000158   0x00000000   Code   RO         1054    .ARM.Collect$$rtentry$$00000000  c_w.l(__rtentry.o)
    0x00000158   0x00000158   0x00000000   Code   RO         1072    .ARM.Collect$$rtentry$$00000002  c_w.l(__rtentry2.o)
    0x00000158   0x00000158   0x00000006   Code   RO         1084    .ARM.Collect$$rtentry$$00000004  c_w.l(__rtentry4.o)
    0x0000015e   0x0000015e   0x00000000   Code   RO         1074    .ARM.Collect$$rtentry$$00000009  c_w.l(__rtentry2.o)
    0x0000015e   0x0000015e   0x00000004   Code   RO         1075    .ARM.Collect$$rtentry$$0000000A  c_w.l(__rtentry2.o)
    0x00000162   0x00000162   0x00000000   Code   RO         1077    .ARM.Collect$$rtentry$$0000000C  c_w.l(__rtentry2.o)
    0x00000162   0x00000162   0x00000008   Code   RO         1078    .ARM.Collect$$rtentry$$0000000D  c_w.l(__rtentry2.o)
    0x0000016a   0x0000016a   0x00000002   Code   RO         1107    .ARM.Collect$$rtexit$$00000000  c_w.l(rtexit.o)
    0x0000016c   0x0000016c   0x00000000   Code   RO         1163    .ARM.Collect$$rtexit$$00000002  c_w.l(rtexit2.o)
    0x0000016c   0x0000016c   0x00000004   Code   RO         1164    .ARM.Collect$$rtexit$$00000003  c_w.l(rtexit2.o)
    0x00000170   0x00000170   0x00000006   Code   RO         1165    .ARM.Collect$$rtexit$$00000004  c_w.l(rtexit2.o)
    0x00000176   0x00000176   0x00000002   PAD
    0x00000178   0x00000178   0x0000003c   Code   RO          957  * .text               startup_lpc17xx.o
    0x000001b4   0x000001b4   0x000000ee   Code   RO         1001    .text               c_w.l(lludivv7m.o)
    0x000002a2   0x000002a2   0x00000002   PAD
    0x000002a4   0x000002a4   0x0000002c   Code   RO         1003    .text               c_w.l(__2sprintf.o)
    0x000002d0   0x000002d0   0x00000006   Code   RO         1034    .text               c_w.l(heapauxi.o)
    0x000002d6   0x000002d6   0x0000000a   Code   RO         1063    .text               c_w.l(_sputc.o)
    0x000002e0   0x000002e0   0x00000012   Code   RO         1092    .text               c_w.l(exit.o)
    0x000002f2   0x000002f2   0x00000002   PAD
    0x000002f4   0x000002f4   0x00000008   Code   RO         1104    .text               c_w.l(libspace.o)
    0x000002fc   0x000002fc   0x00000004   Code   RO          956    .ARM.__at_0x02FC    startup_lpc17xx.o
    0x00000300   0x00000300   0x00000068   Code   RO         1007    .text               c_w.l(__printf.o)
    0x00000368   0x00000368   0x00000078   Code   RO         1009    .text               c_w.l(_printf_dec.o)
    0x000003e0   0x000003e0   0x000000b2   Code   RO         1059    .text               c_w.l(_printf_intcommon.o)
    0x00000492   0x00000492   0x00000002   PAD
    0x00000494   0x00000494   0x00000030   Code   RO         1061    .text               c_w.l(_printf_char_common.o)
    0x000004c4   0x000004c4   0x0000004a   Code   RO         1090    .text               c_w.l(sys_stackheap_outer.o)
    0x0000050e   0x0000050e   0x00000002   PAD
    0x00000510   0x00000510   0x0000000c   Code   RO         1160    .text               c_w.l(sys_exit.o)
    0x0000051c   0x0000051c   0x00000002   Code   RO         1179    .text               c_w.l(use_no_semi.o)
    0x0000051e   0x0000051e   0x00000000   Code   RO         1181    .text               c_w.l(indicate_semi.o)
    0x0000051e   0x0000051e   0x0000002e   Code   RO          529    i.ADC_ChannelCmd    lpc17xx_adc.o
    0x0000054c   0x0000054c   0x00000010   Code   RO          530    i.ADC_ChannelGetData  lpc17xx_adc.o
    0x0000055c   0x0000055c   0x00000024   Code   RO          531    i.ADC_ChannelGetStatus  lpc17xx_adc.o
    0x00000580   0x00000580   0x000000c0   Code   RO            4    i.ADC_IRQHandler    main.o
    0x00000640   0x00000640   0x0000003a   Code   RO          537    i.ADC_Init          lpc17xx_adc.o
    0x0000067a   0x0000067a   0x0000001a   Code   RO          538    i.ADC_IntConfig     lpc17xx_adc.o
    0x00000694   0x00000694   0x00000012   Code   RO          540    i.ADC_StartCmd      lpc17xx_adc.o
    0x000006a6   0x000006a6   0x00000002   PAD
    0x000006a8   0x000006a8   0x00000038   Code   RO          276    i.CLKPWR_ConfigPPWR  lpc17xx_clkpwr.o
    0x000006e0   0x000006e0   0x00000040   Code   RO          279    i.CLKPWR_GetPCLK    lpc17xx_clkpwr.o
    0x00000720   0x00000720   0x00000028   Code   RO          280    i.CLKPWR_GetPCLKSEL  lpc17xx_clkpwr.o
    0x00000748   0x00000748   0x0000002c   Code   RO          199    i.Delay_RIT_Init    delay_rit.o
    0x00000774   0x00000774   0x00000038   Code   RO          200    i.Delay_RIT_ms      delay_rit.o
    0x000007ac   0x000007ac   0x00000064   Code   RO          248    i.HW_Init           hardwareinit.o
    0x00000810   0x00000810   0x00000024   Code   RO          660    i.PINSEL_ConfigPin  lpc17xx_pinsel.o
    0x00000834   0x00000834   0x00000018   Code   RO          902    i.RIT_Cmd           lpc17xx_rit.o
    0x0000084c   0x0000084c   0x0000001e   Code   RO          904    i.RIT_GetIntStatus  lpc17xx_rit.o
    0x0000086a   0x0000086a   0x00000002   PAD
    0x0000086c   0x0000086c   0x00000018   Code   RO          201    i.RIT_IRQHandler    delay_rit.o
    0x00000884   0x00000884   0x00000020   Code   RO          905    i.RIT_Init          lpc17xx_rit.o
    0x000008a4   0x000008a4   0x0000002a   Code   RO          906    i.RIT_TimerConfig   lpc17xx_rit.o
    0x000008ce   0x000008ce   0x00000002   PAD
    0x000008d0   0x000008d0   0x00000140   Code   RO          967    i.SystemInit        system_lpc17xx.o
    0x00000a10   0x00000a10   0x00000180   Code   RO          724    i.UART_Init         lpc17xx_uart.o
    0x00000b90   0x00000b90   0x00000094   Code   RO          736    i.UART_Send         lpc17xx_uart.o
    0x00000c24   0x00000c24   0x00000014   Code   RO          737    i.UART_SendByte     lpc17xx_uart.o
    0x00000c38   0x00000c38   0x00000048   Code   RO          738    i.UART_TxCmd        lpc17xx_uart.o
    0x00000c80   0x00000c80   0x00000012   Code   RO           10    i.cwait             main.o
    0x00000c92   0x00000c92   0x00000002   PAD
    0x00000c94   0x00000c94   0x00000024   Code   RO           11    i.lcd_clear         main.o
    0x00000cb8   0x00000cb8   0x00000050   Code   RO           12    i.lcd_command       main.o
    0x00000d08   0x00000d08   0x00000050   Code   RO           14    i.lcd_gotoxy        main.o
    0x00000d58   0x00000d58   0x00000094   Code   RO           15    i.lcd_init          main.o
    0x00000dec   0x00000dec   0x00000050   Code   RO           16    i.lcd_putchar       main.o
    0x00000e3c   0x00000e3c   0x0000001e   Code   RO           18    i.lcd_putsf         main.o
    0x00000e5a   0x00000e5a   0x00000002   PAD
    0x00000e5c   0x00000e5c   0x000001b0   Code   RO           21    i.main              main.o
    0x0000100c   0x0000100c   0x0000003c   Code   RO           22    i.setD4567          main.o
    0x00001048   0x00001048   0x00000030   Code   RO          663    i.set_OpenDrainMode  lpc17xx_pinsel.o
    0x00001078   0x00001078   0x00000040   Code   RO          664    i.set_PinFunc       lpc17xx_pinsel.o
    0x000010b8   0x000010b8   0x00000040   Code   RO          665    i.set_ResistorMode  lpc17xx_pinsel.o
    0x000010f8   0x000010f8   0x000001e0   Code   RO          739    i.uart_set_divisors  lpc17xx_uart.o
    0x000012d8   0x000012d8   0x00000184   Code   RO         1039    x$fpl$fdiv          fz_ws.l(fdiv.o)
    0x0000145c   0x0000145c   0x0000003e   Code   RO         1042    x$fpl$ffixu         fz_ws.l(ffixu.o)
    0x0000149a   0x0000149a   0x00000002   PAD
    0x0000149c   0x0000149c   0x00000026   Code   RO         1046    x$fpl$ffltu         fz_ws.l(fflt_clz.o)
    0x000014c2   0x000014c2   0x00000002   PAD
    0x000014c4   0x000014c4   0x00000102   Code   RO         1052    x$fpl$fmul          fz_ws.l(fmul.o)
    0x000015c6   0x000015c6   0x0000008c   Code   RO         1066    x$fpl$fnaninf       fz_ws.l(fnaninf.o)
    0x00001652   0x00001652   0x0000000a   Code   RO         1068    x$fpl$fretinf       fz_ws.l(fretinf.o)
    0x0000165c   0x0000165c   0x00000000   Code   RO         1070    x$fpl$usenofp       fz_ws.l(usenofp.o)
    0x0000165c   0x0000165c   0x00000020   Data   RO         1231    Region$$Table       anon$$obj.o


    Execution Region ER_RW (Exec base: 0x10000000, Load base: 0x0000167c, Size: 0x00000018, Max: 0xffffffff, ABSOLUTE)

    Exec Addr    Load Addr    Size         Type   Attr      Idx    E Section Name        Object

    0x10000000   0x0000167c   0x00000012   Data   RW           23    .data               main.o
    0x10000012   0x0000168e   0x00000001   Data   RW          202    .data               delay_rit.o
    0x10000013   0x0000168f   0x00000001   PAD
    0x10000014   0x00001690   0x00000004   Data   RW          968    .data               system_lpc17xx.o


    Execution Region ER_ZI (Exec base: 0x10000018, Load base: 0x00001694, Size: 0x00000260, Max: 0xffffffff, ABSOLUTE)

    Exec Addr    Load Addr    Size         Type   Attr      Idx    E Section Name        Object

    0x10000018        -       0x00000060   Zero   RW         1105    .bss                c_w.l(libspace.o)
    0x10000078        -       0x00000000   Zero   RW          954    HEAP                startup_lpc17xx.o
    0x10000078        -       0x00000200   Zero   RW          953    STACK               startup_lpc17xx.o


==============================================================================

Image component sizes


      Code (inc. data)   RO Data    RW Data    ZI Data      Debug   Object Name

       124         24          0          1          0      29094   delay_rit.o
       100          6          0          0          0        518   hardwareinit.o
       200          0          0          0          0       4071   lpc17xx_adc.o
       160         22          0          0          0       1713   lpc17xx_clkpwr.o
       212         14          0          0          0       2895   lpc17xx_pinsel.o
       128          0          0          0          0       2706   lpc17xx_rit.o
      1104         44          0          0          0       4753   lpc17xx_uart.o
      1156        128          0         18          0      69404   main.o
        64         26        204          0        512       1004   startup_lpc17xx.o
       320         18          0          4          0        811   system_lpc17xx.o

    ----------------------------------------------------------------------
      3578        282        236         24        512     116969   Object Totals
         0          0         32          0          0          0   (incl. Generated)
        10          0          0          1          0          0   (incl. Padding)

    ----------------------------------------------------------------------

      Code (inc. data)   RO Data    RW Data    ZI Data      Debug   Library Member Name

        44          6          0          0          0         84   __2sprintf.o
         8          0          0          0          0         68   __main.o
       104          0          0          0          0         84   __printf.o
         0          0          0          0          0          0   __rtentry.o
        12          0          0          0          0          0   __rtentry2.o
         6          0          0          0          0          0   __rtentry4.o
        52          8          0          0          0          0   __scatter.o
        26          0          0          0          0          0   __scatter_copy.o
        28          0          0          0          0          0   __scatter_zi.o
        48          6          0          0          0         96   _printf_char_common.o
         6          0          0          0          0          0   _printf_d.o
       120         16          0          0          0         92   _printf_dec.o
       178          0          0          0          0         88   _printf_intcommon.o
         0          0          0          0          0          0   _printf_percent.o
         4          0          0          0          0          0   _printf_percent_end.o
         6          0          0          0          0          0   _printf_u.o
        10          0          0          0          0         68   _sputc.o
        18          0          0          0          0         80   exit.o
         6          0          0          0          0        152   heapauxi.o
         0          0          0          0          0          0   indicate_semi.o
         2          0          0          0          0          0   libinit.o
         2          0          0          0          0          0   libinit2.o
         2          0          0          0          0          0   libshutdown.o
         2          0          0          0          0          0   libshutdown2.o
         8          4          0          0         96         68   libspace.o
       238          0          0          0          0        100   lludivv7m.o
         2          0          0          0          0          0   rtexit.o
        10          0          0          0          0          0   rtexit2.o
        12          4          0          0          0         68   sys_exit.o
        74          0          0          0          0         80   sys_stackheap_outer.o
         2          0          0          0          0         68   use_no_semi.o
       388         76          0          0          0         96   fdiv.o
        62          4          0          0          0         84   ffixu.o
        38          0          0          0          0         68   fflt_clz.o
       258          4          0          0          0         84   fmul.o
       140          4          0          0          0         84   fnaninf.o
        10          0          0          0          0         68   fretinf.o
         0          0          0          0          0          0   usenofp.o

    ----------------------------------------------------------------------
      1942        132          0          0         96       1680   Library Totals
        16          0          0          0          0          0   (incl. Padding)

    ----------------------------------------------------------------------

      Code (inc. data)   RO Data    RW Data    ZI Data      Debug   Library Name

      1030         44          0          0         96       1196   c_w.l
       896         88          0          0          0        484   fz_ws.l

    ----------------------------------------------------------------------
      1942        132          0          0         96       1680   Library Totals

    ----------------------------------------------------------------------

==============================================================================


      Code (inc. data)   RO Data    RW Data    ZI Data      Debug   

      5520        414        236         24        608     116097   Grand Totals
      5520        414        236         24        608     116097   ELF Image Totals
      5520        414        236         24          0          0   ROM Totals

==============================================================================

    Total RO  Size (Code + RO Data)                 5756 (   5.62kB)
    Total RW  Size (RW Data + ZI Data)               632 (   0.62kB)
    Total ROM Size (Code + RO Data + RW Data)       5780 (   5.64kB)

==============================================================================

